ASxxxx Linker V03.00 + NoICE + sdld,  page 1.
Hexadecimal  [32-Bits]

Area                       Addr        Size        Decimal Bytes (Attributes)
--------------------       ----        ----        ------- ----- ------------
.  .ABS.               00000000    00000000 =           0. bytes (ABS,CON)

        Value  Global            Value  Global            Value  Global    
        -----  ------            -----  ------            -----  ------    
     00000000  .__.ABS.  |    00000000  l__CABS   |    00000000  l__CODE_0
     00000000  l__DABS   |    00000000  l__HEADER |    00000000  l__HEAP  
     00000000  l__HRAM   |    00000000  l__LIT    |    00000000  l__SFR   
     00000000  s__CABS   |    00000000  s__DABS   |    00000000  s__HEADER
     00000000  s__HEADER |    00000000  s__HEADER |    00000000  s__HEADER
     00000000  s__HEADER |    00000000  s__HEADER |    00000000  s__HEADER
     00000000  s__HEADER |    00000000  s__HEADER |    00000000  s__HEADER
     00000000  s__HEADER |    00000000  s__HEADER |    00000000  s__HEADER
     00000000  s__HEADER |    00000000  s__HEADER |    00000000  s__HEADER
     00000000  s__HEADER |    00000000  s__HEADER |    00000000  s__HRAM  
     00000000  s__HRAM11 |    00000000  s__SFR    |    00000000  s__SFR0  
     00000000  s__SFR1   |    00000000  s__SFR10  |    00000000  s__SFR11 
     00000000  s__SFR12  |    00000000  s__SFR13  |    00000000  s__SFR14 
     00000000  s__SFR15  |    00000000  s__SFR16  |    00000000  s__SFR17 
     00000000  s__SFR18  |    00000000  s__SFR19  |    00000000  s__SFR1a 
     00000000  s__SFR1b  |    00000000  s__SFR1c  |    00000000  s__SFR1d 
     00000000  s__SFR1e  |    00000000  s__SFR1f  |    00000000  s__SFR2  
     00000000  s__SFR20  |    00000000  s__SFR21  |    00000000  s__SFR22 
     00000000  s__SFR23  |    00000000  s__SFR24  |    00000000  s__SFR25 
     00000000  s__SFR26  |    00000000  s__SFR27  |    00000000  s__SFR28 
     00000000  s__SFR29  |    00000000  s__SFR2a  |    00000000  s__SFR2b 
     00000000  s__SFR2c  |    00000000  s__SFR2d  |    00000000  s__SFR2e 
     00000000  s__SFR2f  |    00000000  s__SFR3   |    00000000  s__SFR30 
     00000000  s__SFR31  |    00000000  s__SFR32  |    00000000  s__SFR33 
     00000000  s__SFR34  |    00000000  s__SFR35  |    00000000  s__SFR36 
     00000000  s__SFR4   |    00000000  s__SFR5   |    00000000  s__SFR6  
     00000000  s__SFR7   |    00000000  s__SFR8   |    00000000  s__SFR9  
     00000000  s__SFRa   |    00000000  s__SFRb   |    00000000  s__SFRc  
     00000000  s__SFRd   |    00000000  s__SFRe   |    00000000  s__SFRf  
     00000001  l__GSFINA |    00000001  l__HEADER |    00000001  l__HEADER
     00000001  l__HEADER |    00000001  l__HEADER |    00000001  l__HEADER
     00000001  l__HEADER |    00000001  l__HEADER |    00000001  l__SFR0  
     00000001  l__SFR1   |    00000001  l__SFR10  |    00000001  l__SFR11 
     00000001  l__SFR12  |    00000001  l__SFR13  |    00000001  l__SFR14 
     00000001  l__SFR15  |    00000001  l__SFR16  |    00000001  l__SFR17 
     00000001  l__SFR18  |    00000001  l__SFR19  |    00000001  l__SFR1a 
     00000001  l__SFR1b  |    00000001  l__SFR1c  |    00000001  l__SFR1d 
     00000001  l__SFR1e  |    00000001  l__SFR1f  |    00000001  l__SFR2  
     00000001  l__SFR20  |    00000001  l__SFR21  |    00000001  l__SFR22 
     00000001  l__SFR23  |    00000001  l__SFR24  |    00000001  l__SFR25 
     00000001  l__SFR26  |    00000001  l__SFR27  |    00000001  l__SFR28 
     00000001  l__SFR29  |    00000001  l__SFR2a  |    00000001  l__SFR2b 
     00000001  l__SFR2c  |    00000001  l__SFR2d  |    00000001  l__SFR2e 
     00000001  l__SFR2f  |    00000001  l__SFR3   |    00000001  l__SFR30 
     00000001  l__SFR31  |    00000001  l__SFR32  |    00000001  l__SFR33 
     00000001  l__SFR34  |    00000001  l__SFR35  |    00000001  l__SFR36 
     00000001  l__SFR4   |    00000001  l__SFR5   |    00000001  l__SFR6  
     00000001  l__SFR7   |    00000001  l__SFR8   |    00000001  l__SFR9  
     00000001  l__SFRa   |    00000001  l__SFRb   |    00000001  l__SFRc  
     00000001  l__SFRd   |    00000001  l__SFRe   |    00000001  l__SFRf  
ASxxxx Linker V03.00 + NoICE + sdld,  page 2.
Hexadecimal  [32-Bits]

Area                       Addr        Size        Decimal Bytes (Attributes)
--------------------       ----        ----        ------- ----- ------------
.  .ABS.               00000000    00000000 =           0. bytes (ABS,CON)

        Value  Global            Value  Global            Value  Global    
        -----  ------            -----  ------            -----  ------    
     00000002  l__HEADER |    00000002  l__HEADER |    00000003  l__HEADER
     00000003  l__HRAM11 |    00000005  l__HEADER |    00000006  l__HEADER
     00000007  l__HEADER |    00000008  l__HEADER |    0000001A  l__BSS   
     0000002C  l__HEADER |    00000033  l__HEADER |    0000006A  l__HOME  
     00000083  l__HEADER |    00000159  l__BASE   |    00000200  s__CODE  
     000003D8  l__CODE   |    00000487  l__DATA   |    000005D8  s__HOME  
     00000642  s__BASE   |    0000079B  s__CODE_0 |    0000079B  s__GSINIT
     0000079B  s__LIT    |    0000168D  l__GSINIT |    00001E28  s__GSFINA
     0000C000  _shadow_O |    0000C0A0  s__DATA   |    0000C527  s__BSS   
     0000C541  s__HEAP   |    0000E000  .STACK    |    0000FF80  .refresh_
ASxxxx Linker V03.00 + NoICE + sdld,  page 3.
Hexadecimal  [32-Bits]

Area                       Addr        Size        Decimal Bytes (Attributes)
--------------------       ----        ----        ------- ----- ------------
_CODE                  00000200    000003D8 =         984. bytes (REL,CON)

        Value  Global            Value  Global            Value  Global    
        -----  ------            -----  ------            -----  ------    
     00000200  A$lcc8267 |    00000200  C$main.c$ |    00000200  C$main.c$
     00000200  G$set_spr |    00000200  _set_spri |    00000203  A$lcc8267
     00000204  A$lcc8267 |    00000206  A$lcc8267 |    00000207  A$lcc8267
     00000208  A$lcc8267 |    00000209  A$lcc8267 |    0000020A  A$lcc8267
     0000020B  A$lcc8267 |    0000020E  A$lcc8267 |    00000210  A$lcc8267
     00000210  C$main.c$ |    00000212  A$lcc8267 |    00000212  C$main.c$
     00000215  A$lcc8267 |    00000216  A$lcc8267 |    00000218  A$lcc8267
     00000219  A$lcc8267 |    0000021A  A$lcc8267 |    0000021B  A$lcc8267
     0000021C  A$lcc8267 |    0000021D  A$lcc8267 |    00000220  A$lcc8267
     00000222  A$lcc8267 |    00000225  A$lcc8267 |    00000227  A$lcc8267
     0000022A  A$lcc8267 |    0000022C  A$lcc8267 |    0000022F  A$lcc8267
     00000231  A$lcc8267 |    00000234  A$lcc8267 |    00000236  A$lcc8267
     00000239  A$lcc8267 |    0000023B  A$lcc8267 |    0000023C  A$lcc8267
     0000023E  A$lcc8267 |    00000241  A$lcc8267 |    00000243  A$lcc8267
     00000244  A$lcc8267 |    00000246  A$lcc8267 |    00000246  C$main.c$
     00000248  A$lcc8267 |    0000024A  A$lcc8267 |    0000024C  A$lcc8267
     0000024C  C$main.c$ |    0000024F  A$lcc8267 |    00000250  A$lcc8267
     00000251  A$lcc8267 |    00000253  A$lcc8267 |    00000253  C$main.c$
     00000254  A$lcc8267 |    00000257  A$lcc8267 |    00000258  A$lcc8267
     0000025B  A$lcc8267 |    0000025D  A$lcc8267 |    0000025E  A$lcc8267
     0000025E  C$main.c$ |    0000025F  A$lcc8267 |    00000261  A$lcc8267
     00000262  A$lcc8267 |    00000262  C$main.c$ |    00000262  C$main.c$
     00000262  XG$set_sp |    00000264  G$TileDat |    00000264  _TileData
     00000274  A$lcc8267 |    00000274  C$main.c$ |    00000274  C$main.c$
     00000274  G$set_bac |    00000274  _set_back |    00000277  A$lcc8267
     00000278  A$lcc8267 |    0000027A  A$lcc8267 |    0000027B  A$lcc8267
     0000027C  A$lcc8267 |    0000027D  A$lcc8267 |    0000027E  A$lcc8267
     0000027F  A$lcc8267 |    00000282  A$lcc8267 |    00000284  A$lcc8267
     00000284  C$main.c$ |    00000287  A$lcc8267 |    00000288  A$lcc8267
     0000028B  A$lcc8267 |    0000028C  A$lcc8267 |    0000028F  A$lcc8267
     00000291  A$lcc8267 |    00000291  C$main.c$ |    00000294  A$lcc8267
     00000295  A$lcc8267 |    00000298  A$lcc8267 |    00000299  A$lcc8267
     0000029C  A$lcc8267 |    0000029D  A$lcc8267 |    000002A0  A$lcc8267
     000002A2  A$lcc8267 |    000002A2  C$main.c$ |    000002A2  XG$set_ba
     000002A3  A$lcc8267 |    000002A3  C$main.c$ |    000002A3  C$main.c$
     000002A3  C$main.c$ |    000002A3  G$sounds$ |    000002A3  _sounds  
     000002A6  A$lcc8267 |    000002A7  A$lcc8267 |    000002A8  A$lcc8267
     000002AA  A$lcc8267 |    000002AA  C$main.c$ |    000002AC  A$lcc8267
     000002AE  A$lcc8267 |    000002AE  C$main.c$ |    000002B0  A$lcc8267
     000002B2  A$lcc8267 |    000002B2  C$main.c$ |    000002B4  A$lcc8267
     000002B6  A$lcc8267 |    000002B6  C$main.c$ |    000002B8  A$lcc8267
     000002BA  A$lcc8267 |    000002BA  C$main.c$ |    000002BC  A$lcc8267
     000002BE  A$lcc8267 |    000002BE  C$main.c$ |    000002C0  A$lcc8267
     000002C2  A$lcc8267 |    000002C2  C$main.c$ |    000002C4  A$lcc8267
     000002C6  A$lcc8267 |    000002C6  C$main.c$ |    000002C8  A$lcc8267
     000002CA  A$lcc8267 |    000002CA  C$main.c$ |    000002CD  A$lcc8267
     000002CE  A$lcc8267 |    000002D1  A$lcc8267 |    000002D3  A$lcc8267
     000002D3  C$main.c$ |    000002D3  XG$sounds |    000002D5  A$lcc8267
     000002D5  C$main.c$ |    000002D5  C$main.c$ |    000002D5  G$use_inp
     000002D5  _use_inpu |    000002D8  A$lcc8267 |    000002D9  A$lcc8267
ASxxxx Linker V03.00 + NoICE + sdld,  page 4.
Hexadecimal  [32-Bits]

Area                       Addr        Size        Decimal Bytes (Attributes)
--------------------       ----        ----        ------- ----- ------------
_CODE                  00000200    000003D8 =         984. bytes (REL,CON)

        Value  Global            Value  Global            Value  Global    
        -----  ------            -----  ------            -----  ------    
     000002DB  A$lcc8267 |    000002DC  A$lcc8267 |    000002DD  A$lcc8267
     000002DE  A$lcc8267 |    000002DF  A$lcc8267 |    000002E0  A$lcc8267
     000002E3  A$lcc8267 |    000002E5  A$lcc8267 |    000002E5  C$main.c$
     000002E8  A$lcc8267 |    000002E9  A$lcc8267 |    000002EB  A$lcc8267
     000002EC  A$lcc8267 |    000002ED  A$lcc8267 |    000002EE  A$lcc8267
     000002EF  A$lcc8267 |    000002F0  A$lcc8267 |    000002F3  A$lcc8267
     000002F5  A$lcc8267 |    000002F5  C$main.c$ |    000002F8  A$lcc8267
     000002F9  A$lcc8267 |    000002FC  A$lcc8267 |    000002FD  A$lcc8267
     00000300  A$lcc8267 |    00000302  A$lcc8267 |    00000302  C$main.c$
     00000305  A$lcc8267 |    00000306  A$lcc8267 |    00000309  A$lcc8267
     0000030A  A$lcc8267 |    0000030D  A$lcc8267 |    0000030F  A$lcc8267
     00000312  A$lcc8267 |    00000314  A$lcc8267 |    00000317  A$lcc8267
     00000319  A$lcc8267 |    0000031A  A$lcc8267 |    0000031C  A$lcc8267
     0000031C  C$main.c$ |    0000031E  A$lcc8267 |    00000320  A$lcc8267
     00000322  A$lcc8267 |    00000322  C$main.c$ |    00000322  C$main.c$
     00000325  A$lcc8267 |    00000325  C$main.c$ |    00000326  A$lcc8267
     00000327  A$lcc8267 |    00000329  A$lcc8267 |    0000032A  A$lcc8267
     0000032C  A$lcc8267 |    0000032E  A$lcc8267 |    00000330  A$lcc8267
     00000332  A$lcc8267 |    00000334  A$lcc8267 |    00000336  A$lcc8267
     00000338  A$lcc8267 |    0000033A  A$lcc8267 |    0000033C  A$lcc8267
     0000033E  A$lcc8267 |    00000340  A$lcc8267 |    00000342  A$lcc8267
     00000344  A$lcc8267 |    00000346  A$lcc8267 |    00000348  A$lcc8267
     00000348  C$main.c$ |    0000034B  A$lcc8267 |    0000034C  A$lcc8267
     0000034D  A$lcc8267 |    0000034E  A$lcc8267 |    0000034F  A$lcc8267
     00000351  A$lcc8267 |    00000352  A$lcc8267 |    00000352  C$main.c$
     00000354  A$lcc8267 |    00000354  C$main.c$ |    00000357  A$lcc8267
     00000358  A$lcc8267 |    00000359  A$lcc8267 |    0000035A  A$lcc8267
     0000035B  A$lcc8267 |    0000035D  A$lcc8267 |    0000035E  A$lcc8267
     0000035E  C$main.c$ |    00000360  A$lcc8267 |    00000360  C$main.c$
     00000363  A$lcc8267 |    00000364  A$lcc8267 |    00000366  A$lcc8267
     00000367  A$lcc8267 |    00000368  A$lcc8267 |    00000369  A$lcc8267
     0000036A  A$lcc8267 |    0000036A  C$main.c$ |    0000036C  A$lcc8267
     0000036C  C$main.c$ |    0000036F  A$lcc8267 |    00000370  A$lcc8267
     00000372  A$lcc8267 |    00000373  A$lcc8267 |    00000374  A$lcc8267
     00000375  A$lcc8267 |    00000376  A$lcc8267 |    00000376  C$main.c$
     00000378  A$lcc8267 |    00000378  C$main.c$ |    0000037B  A$lcc8267
     0000037C  A$lcc8267 |    0000037E  A$lcc8267 |    0000037F  A$lcc8267
     00000380  A$lcc8267 |    00000381  A$lcc8267 |    00000383  A$lcc8267
     00000384  A$lcc8267 |    00000384  C$main.c$ |    00000384  C$main.c$
     00000387  A$lcc8267 |    00000388  A$lcc8267 |    0000038B  A$lcc8267
     0000038D  A$lcc8267 |    0000038D  C$main.c$ |    0000038D  XG$use_in
     0000038F  A$lcc8267 |    0000038F  C$main.c$ |    0000038F  C$main.c$
     0000038F  G$set_bac |    0000038F  _set_back |    00000392  A$lcc8267
     00000393  A$lcc8267 |    00000395  A$lcc8267 |    00000396  A$lcc8267
     00000397  A$lcc8267 |    00000398  A$lcc8267 |    00000399  A$lcc8267
     0000039A  A$lcc8267 |    0000039D  A$lcc8267 |    0000039F  A$lcc8267
     0000039F  C$main.c$ |    000003A2  A$lcc8267 |    000003A3  A$lcc8267
     000003A5  A$lcc8267 |    000003A6  A$lcc8267 |    000003A7  A$lcc8267
     000003A8  A$lcc8267 |    000003A9  A$lcc8267 |    000003AA  A$lcc8267
     000003AD  A$lcc8267 |    000003AF  A$lcc8267 |    000003AF  C$main.c$
     000003B2  A$lcc8267 |    000003B3  A$lcc8267 |    000003B6  A$lcc8267
ASxxxx Linker V03.00 + NoICE + sdld,  page 5.
Hexadecimal  [32-Bits]

Area                       Addr        Size        Decimal Bytes (Attributes)
--------------------       ----        ----        ------- ----- ------------
_CODE                  00000200    000003D8 =         984. bytes (REL,CON)

        Value  Global            Value  Global            Value  Global    
        -----  ------            -----  ------            -----  ------    
     000003B7  A$lcc8267 |    000003BA  A$lcc8267 |    000003BC  A$lcc8267
     000003BC  C$main.c$ |    000003BF  A$lcc8267 |    000003C0  A$lcc8267
     000003C3  A$lcc8267 |    000003C4  A$lcc8267 |    000003C5  A$lcc8267
     000003C6  A$lcc8267 |    000003C7  A$lcc8267 |    000003C8  A$lcc8267
     000003C9  A$lcc8267 |    000003CA  A$lcc8267 |    000003CD  A$lcc8267
     000003CF  A$lcc8267 |    000003CF  C$main.c$ |    000003D2  A$lcc8267
     000003D3  A$lcc8267 |    000003D6  A$lcc8267 |    000003D8  A$lcc8267
     000003D8  C$main.c$ |    000003DA  A$lcc8267 |    000003DC  A$lcc8267
     000003DE  A$lcc8267 |    000003DE  C$main.c$ |    000003E1  A$lcc8267
     000003E2  A$lcc8267 |    000003E3  A$lcc8267 |    000003E4  A$lcc8267
     000003E5  A$lcc8267 |    000003E8  A$lcc8267 |    000003E9  A$lcc8267
     000003EA  A$lcc8267 |    000003ED  A$lcc8267 |    000003EF  A$lcc8267
     000003F0  A$lcc8267 |    000003F1  A$lcc8267 |    000003F4  A$lcc8267
     000003F5  A$lcc8267 |    000003F6  A$lcc8267 |    000003F7  A$lcc8267
     000003F8  A$lcc8267 |    000003F9  A$lcc8267 |    000003FA  A$lcc8267
     000003FD  A$lcc8267 |    000003FE  A$lcc8267 |    000003FF  A$lcc8267
     00000402  A$lcc8267 |    00000404  A$lcc8267 |    00000405  A$lcc8267
     00000406  A$lcc8267 |    00000409  A$lcc8267 |    0000040A  A$lcc8267
     0000040C  A$lcc8267 |    0000040D  A$lcc8267 |    0000040E  A$lcc8267
     00000410  A$lcc8267 |    00000411  A$lcc8267 |    00000412  A$lcc8267
     00000413  A$lcc8267 |    00000414  A$lcc8267 |    00000417  A$lcc8267
     00000419  A$lcc8267 |    00000419  C$main.c$ |    0000041C  A$lcc8267
     0000041D  A$lcc8267 |    00000420  A$lcc8267 |    00000422  A$lcc8267
     00000422  C$main.c$ |    00000422  XG$set_ba |    00000424  A$lcc8267
     00000424  C$main.c$ |    00000424  C$main.c$ |    00000424  C$main.c$
     00000424  G$main$0$ |    00000424  XG$main$0 |    00000424  _main    
     00000427  _rand     |    00000427  _randw    |    00000452  _set_spri
     00000457  _set_bkg_ |    0000045A  .set_pale |    00000476  _cpu_slow
     00000491  _cpu_fast |    00000498  _cgb_comp |    000004B1  __divsuch
     000004BE  __modsuch |    000004C8  __divusch |    000004DA  __modusch
     000004EA  __divscha |    000004F6  __modscha |    00000500  __divsint
     00000511  __modsint |    00000520  __divucha |    0000052C  __moducha
     00000536  __divuint |    00000547  __moduint |    00000556  .div8    
     00000556  .mod8     |    0000055E  .div16    |    0000055E  .mod16   
     00000594  .divu8    |    00000594  .modu8    |    00000597  .divu16  
     00000597  .modu16  
ASxxxx Linker V03.00 + NoICE + sdld,  page 6.
Hexadecimal  [32-Bits]

Area                       Addr        Size        Decimal Bytes (Attributes)
--------------------       ----        ----        ------- ----- ------------
_HEADER0               00000000    00000001 =           1. bytes (ABS,CON)

        Value  Global            Value  Global            Value  Global    
        -----  ------            -----  ------            -----  ------    
     00000020  .call_hl 
ASxxxx Linker V03.00 + NoICE + sdld,  page 7.
Hexadecimal  [32-Bits]

Area                       Addr        Size        Decimal Bytes (Attributes)
--------------------       ----        ----        ------- ----- ------------
_HEADER1               00000000    00000005 =           5. bytes (ABS,CON)

        Value  Global            Value  Global            Value  Global    
        -----  ------            -----  ------            -----  ------    
     00000028  .MemsetSm
ASxxxx Linker V03.00 + NoICE + sdld,  page 8.
Hexadecimal  [32-Bits]

Area                       Addr        Size        Decimal Bytes (Attributes)
--------------------       ----        ----        ------- ----- ------------
_HEADER2               00000000    00000007 =           7. bytes (ABS,CON)

        Value  Global            Value  Global            Value  Global    
        -----  ------            -----  ------            -----  ------    
     00000030  .MemcpySm
ASxxxx Linker V03.00 + NoICE + sdld,  page 9.
Hexadecimal  [32-Bits]

Area                       Addr        Size        Decimal Bytes (Attributes)
--------------------       ----        ----        ------- ----- ------------
_HEADER3               00000000    00000008 =           8. bytes (ABS,CON)

        Value  Global            Value  Global            Value  Global    
        -----  ------            -----  ------            -----  ------    
ASxxxx Linker V03.00 + NoICE + sdld,  page 10.
Hexadecimal  [32-Bits]

Area                       Addr        Size        Decimal Bytes (Attributes)
--------------------       ----        ----        ------- ----- ------------
_HEADER4               00000000    0000002C =          44. bytes (ABS,CON)

        Value  Global            Value  Global            Value  Global    
        -----  ------            -----  ------            -----  ------    
     00000080  .int      |    0000008F  _wait_int |    0000009C  __standar
ASxxxx Linker V03.00 + NoICE + sdld,  page 11.
Hexadecimal  [32-Bits]

Area                       Addr        Size        Decimal Bytes (Attributes)
--------------------       ----        ----        ------- ----- ------------
_HEADER5               00000000    00000033 =          51. bytes (ABS,CON)

        Value  Global            Value  Global            Value  Global    
        -----  ------            -----  ------            -----  ------    
ASxxxx Linker V03.00 + NoICE + sdld,  page 12.
Hexadecimal  [32-Bits]

Area                       Addr        Size        Decimal Bytes (Attributes)
--------------------       ----        ----        ------- ----- ------------
_HEADER6               00000000    00000006 =           6. bytes (ABS,CON)

        Value  Global            Value  Global            Value  Global    
        -----  ------            -----  ------            -----  ------    
ASxxxx Linker V03.00 + NoICE + sdld,  page 13.
Hexadecimal  [32-Bits]

Area                       Addr        Size        Decimal Bytes (Attributes)
--------------------       ----        ----        ------- ----- ------------
_HEADER7               00000000    00000003 =           3. bytes (ABS,CON)

        Value  Global            Value  Global            Value  Global    
        -----  ------            -----  ------            -----  ------    
ASxxxx Linker V03.00 + NoICE + sdld,  page 14.
Hexadecimal  [32-Bits]

Area                       Addr        Size        Decimal Bytes (Attributes)
--------------------       ----        ----        ------- ----- ------------
_HEADER8               00000000    00000001 =           1. bytes (ABS,CON)

        Value  Global            Value  Global            Value  Global    
        -----  ------            -----  ------            -----  ------    
ASxxxx Linker V03.00 + NoICE + sdld,  page 15.
Hexadecimal  [32-Bits]

Area                       Addr        Size        Decimal Bytes (Attributes)
--------------------       ----        ----        ------- ----- ------------
_HEADER9               00000000    00000001 =           1. bytes (ABS,CON)

        Value  Global            Value  Global            Value  Global    
        -----  ------            -----  ------            -----  ------    
ASxxxx Linker V03.00 + NoICE + sdld,  page 16.
Hexadecimal  [32-Bits]

Area                       Addr        Size        Decimal Bytes (Attributes)
--------------------       ----        ----        ------- ----- ------------
_HEADERa               00000000    00000001 =           1. bytes (ABS,CON)

        Value  Global            Value  Global            Value  Global    
        -----  ------            -----  ------            -----  ------    
ASxxxx Linker V03.00 + NoICE + sdld,  page 17.
Hexadecimal  [32-Bits]

Area                       Addr        Size        Decimal Bytes (Attributes)
--------------------       ----        ----        ------- ----- ------------
_HEADERb               00000000    00000002 =           2. bytes (ABS,CON)

        Value  Global            Value  Global            Value  Global    
        -----  ------            -----  ------            -----  ------    
ASxxxx Linker V03.00 + NoICE + sdld,  page 18.
Hexadecimal  [32-Bits]

Area                       Addr        Size        Decimal Bytes (Attributes)
--------------------       ----        ----        ------- ----- ------------
_HEADERc               00000000    00000001 =           1. bytes (ABS,CON)

        Value  Global            Value  Global            Value  Global    
        -----  ------            -----  ------            -----  ------    
ASxxxx Linker V03.00 + NoICE + sdld,  page 19.
Hexadecimal  [32-Bits]

Area                       Addr        Size        Decimal Bytes (Attributes)
--------------------       ----        ----        ------- ----- ------------
_HEADERd               00000000    00000001 =           1. bytes (ABS,CON)

        Value  Global            Value  Global            Value  Global    
        -----  ------            -----  ------            -----  ------    
ASxxxx Linker V03.00 + NoICE + sdld,  page 20.
Hexadecimal  [32-Bits]

Area                       Addr        Size        Decimal Bytes (Attributes)
--------------------       ----        ----        ------- ----- ------------
_HEADERe               00000000    00000002 =           2. bytes (ABS,CON)

        Value  Global            Value  Global            Value  Global    
        -----  ------            -----  ------            -----  ------    
ASxxxx Linker V03.00 + NoICE + sdld,  page 21.
Hexadecimal  [32-Bits]

Area                       Addr        Size        Decimal Bytes (Attributes)
--------------------       ----        ----        ------- ----- ------------
_HEADERf               00000000    00000083 =         131. bytes (ABS,CON)

        Value  Global            Value  Global            Value  Global    
        -----  ------            -----  ------            -----  ------    
     00000150  .reset    |    00000150  _reset    |    00000153  .code_sta
     000001B4  _exit     |    000001B8  _enable_i |    000001BA  _disable_
     000001BC  _set_inte
ASxxxx Linker V03.00 + NoICE + sdld,  page 22.
Hexadecimal  [32-Bits]

Area                       Addr        Size        Decimal Bytes (Attributes)
--------------------       ----        ----        ------- ----- ------------
_HEADER10              00000000    00000001 =           1. bytes (ABS,CON)

        Value  Global            Value  Global            Value  Global    
        -----  ------            -----  ------            -----  ------    
ASxxxx Linker V03.00 + NoICE + sdld,  page 23.
Hexadecimal  [32-Bits]

Area                       Addr        Size        Decimal Bytes (Attributes)
--------------------       ----        ----        ------- ----- ------------
_HOME                  000005D8    0000006A =         106. bytes (REL,CON)

        Value  Global            Value  Global            Value  Global    
        -----  ------            -----  ------            -----  ------    
     000005D8  .remove_V |    000005DB  .remove_i |    000005F8  .add_VBL 
     000005FB  .add_int  |    00000606  .wait_vbl |    00000606  _wait_vbl
     00000615  .display_ |    00000615  _display_ |    0000062C  _remove_V
     00000637  _add_VBL 
ASxxxx Linker V03.00 + NoICE + sdld,  page 24.
Hexadecimal  [32-Bits]

Area                       Addr        Size        Decimal Bytes (Attributes)
--------------------       ----        ----        ------- ----- ------------
_BASE                  00000642    00000159 =         345. bytes (REL,CON)

        Value  Global            Value  Global            Value  Global    
        -----  ------            -----  ------            -----  ------    
     00000642  _initrand |    00000644  .initrand |    0000064D  _set_spri
     00000652  _set_bkg_ |    00000655  .set_pale |    00000674  _set_bkg_
     00000674  _set_win_ |    0000067C  _set_spri |    000006AC  .padup   
     000006AC  _waitpadu |    000006BC  .jpad     |    000006BC  _joypad  
     000006E4  _waitpad  |    000006E7  .wait_pad |    000006EE  .delay   
     00000728  _delay    |    00000731  _set_bkg_ |    00000745  .set_xy_w
     0000074E  .set_xy_b |    0000075D  .set_xy_t
ASxxxx Linker V03.00 + NoICE + sdld,  page 25.
Hexadecimal  [32-Bits]

Area                       Addr        Size        Decimal Bytes (Attributes)
--------------------       ----        ----        ------- ----- ------------
_GSINIT                0000079B    0000168D =        5773. bytes (REL,CON)

        Value  Global            Value  Global            Value  Global    
        -----  ------            -----  ------            -----  ------    
     0000079B  A$lcc8267 |    0000079B  C$BlueWal |    0000079B  gsinit   
     0000079E  A$lcc8267 |    0000079F  A$lcc8267 |    000007A0  A$lcc8267
     000007A1  A$lcc8267 |    000007A2  A$lcc8267 |    000007A3  A$lcc8267
     000007A3  C$BlueWal |    000007A6  A$lcc8267 |    000007A8  A$lcc8267
     000007AB  A$lcc8267 |    000007AD  A$lcc8267 |    000007B0  A$lcc8267
     000007B2  A$lcc8267 |    000007B5  A$lcc8267 |    000007B7  A$lcc8267
     000007BA  A$lcc8267 |    000007BC  A$lcc8267 |    000007BF  A$lcc8267
     000007C1  A$lcc8267 |    000007C4  A$lcc8267 |    000007C6  A$lcc8267
     000007C9  A$lcc8267 |    000007CB  A$lcc8267 |    000007CE  A$lcc8267
     000007D0  A$lcc8267 |    000007D3  A$lcc8267 |    000007D5  A$lcc8267
     000007D8  A$lcc8267 |    000007DA  A$lcc8267 |    000007DD  A$lcc8267
     000007DF  A$lcc8267 |    000007E2  A$lcc8267 |    000007E4  A$lcc8267
     000007E7  A$lcc8267 |    000007E9  A$lcc8267 |    000007EC  A$lcc8267
     000007EE  A$lcc8267 |    000007F1  A$lcc8267 |    000007F3  A$lcc8267
     000007F6  A$lcc8267 |    000007F8  A$lcc8267 |    000007FB  A$lcc8267
     000007FD  A$lcc8267 |    00000800  A$lcc8267 |    00000802  A$lcc8267
     00000805  A$lcc8267 |    00000807  A$lcc8267 |    0000080A  A$lcc8267
     0000080C  A$lcc8267 |    0000080F  A$lcc8267 |    00000811  A$lcc8267
     00000814  A$lcc8267 |    00000816  A$lcc8267 |    00000819  A$lcc8267
     0000081B  A$lcc8267 |    0000081E  A$lcc8267 |    00000820  A$lcc8267
     00000823  A$lcc8267 |    00000825  A$lcc8267 |    00000828  A$lcc8267
     0000082A  A$lcc8267 |    0000082D  A$lcc8267 |    0000082F  A$lcc8267
     00000832  A$lcc8267 |    00000834  A$lcc8267 |    00000837  A$lcc8267
     00000839  A$lcc8267 |    0000083C  A$lcc8267 |    0000083E  A$lcc8267
     00000841  A$lcc8267 |    00000843  A$lcc8267 |    00000843  C$main.c$
     00000846  A$lcc8267 |    00000848  A$lcc8267 |    0000084B  A$lcc8267
     0000084D  A$lcc8267 |    00000850  A$lcc8267 |    00000852  A$lcc8267
     00000855  A$lcc8267 |    00000857  A$lcc8267 |    0000085A  A$lcc8267
     0000085C  A$lcc8267 |    0000085F  A$lcc8267 |    00000861  A$lcc8267
     00000864  A$lcc8267 |    00000866  A$lcc8267 |    00000869  A$lcc8267
     0000086B  A$lcc8267 |    0000086E  A$lcc8267 |    00000870  A$lcc8267
     00000873  A$lcc8267 |    00000875  A$lcc8267 |    00000878  A$lcc8267
     0000087A  A$lcc8267 |    0000087D  A$lcc8267 |    0000087F  A$lcc8267
     00000882  A$lcc8267 |    00000884  A$lcc8267 |    00000887  A$lcc8267
     00000889  A$lcc8267 |    0000088C  A$lcc8267 |    0000088E  A$lcc8267
     00000891  A$lcc8267 |    00000893  A$lcc8267 |    00000896  A$lcc8267
     00000898  A$lcc8267 |    0000089B  A$lcc8267 |    0000089D  A$lcc8267
     000008A0  A$lcc8267 |    000008A2  A$lcc8267 |    000008A5  A$lcc8267
     000008A7  A$lcc8267 |    000008AA  A$lcc8267 |    000008AC  A$lcc8267
     000008AF  A$lcc8267 |    000008B1  A$lcc8267 |    000008B4  A$lcc8267
     000008B6  A$lcc8267 |    000008B9  A$lcc8267 |    000008BB  A$lcc8267
     000008BE  A$lcc8267 |    000008C0  A$lcc8267 |    000008C3  A$lcc8267
     000008C5  A$lcc8267 |    000008C8  A$lcc8267 |    000008CA  A$lcc8267
     000008CD  A$lcc8267 |    000008CF  A$lcc8267 |    000008D2  A$lcc8267
     000008D4  A$lcc8267 |    000008D7  A$lcc8267 |    000008D9  A$lcc8267
     000008DC  A$lcc8267 |    000008DE  A$lcc8267 |    000008E1  A$lcc8267
     000008E3  A$lcc8267 |    000008E6  A$lcc8267 |    000008E8  A$lcc8267
     000008EB  A$lcc8267 |    000008ED  A$lcc8267 |    000008F0  A$lcc8267
     000008F2  A$lcc8267 |    000008F5  A$lcc8267 |    000008F7  A$lcc8267
     000008FA  A$lcc8267 |    000008FC  A$lcc8267 |    000008FF  A$lcc8267
ASxxxx Linker V03.00 + NoICE + sdld,  page 26.
Hexadecimal  [32-Bits]

Area                       Addr        Size        Decimal Bytes (Attributes)
--------------------       ----        ----        ------- ----- ------------
_GSINIT                0000079B    0000168D =        5773. bytes (REL,CON)

        Value  Global            Value  Global            Value  Global    
        -----  ------            -----  ------            -----  ------    
     00000901  A$lcc8267 |    00000904  A$lcc8267 |    00000906  A$lcc8267
     00000909  A$lcc8267 |    0000090B  A$lcc8267 |    0000090E  A$lcc8267
     00000910  A$lcc8267 |    00000913  A$lcc8267 |    00000915  A$lcc8267
     00000918  A$lcc8267 |    0000091A  A$lcc8267 |    0000091D  A$lcc8267
     0000091F  A$lcc8267 |    00000922  A$lcc8267 |    00000924  A$lcc8267
     00000927  A$lcc8267 |    00000929  A$lcc8267 |    0000092C  A$lcc8267
     0000092E  A$lcc8267 |    00000931  A$lcc8267 |    00000933  A$lcc8267
     00000936  A$lcc8267 |    00000938  A$lcc8267 |    0000093B  A$lcc8267
     0000093D  A$lcc8267 |    00000940  A$lcc8267 |    00000942  A$lcc8267
     00000945  A$lcc8267 |    00000947  A$lcc8267 |    0000094A  A$lcc8267
     0000094C  A$lcc8267 |    0000094F  A$lcc8267 |    00000951  A$lcc8267
     00000954  A$lcc8267 |    00000956  A$lcc8267 |    00000959  A$lcc8267
     0000095B  A$lcc8267 |    0000095E  A$lcc8267 |    00000960  A$lcc8267
     00000963  A$lcc8267 |    00000965  A$lcc8267 |    00000968  A$lcc8267
     0000096A  A$lcc8267 |    0000096D  A$lcc8267 |    0000096F  A$lcc8267
     00000972  A$lcc8267 |    00000974  A$lcc8267 |    00000977  A$lcc8267
     00000979  A$lcc8267 |    0000097C  A$lcc8267 |    0000097E  A$lcc8267
     00000981  A$lcc8267 |    00000983  A$lcc8267 |    00000986  A$lcc8267
     00000988  A$lcc8267 |    0000098B  A$lcc8267 |    0000098D  A$lcc8267
     00000990  A$lcc8267 |    00000992  A$lcc8267 |    00000995  A$lcc8267
     00000997  A$lcc8267 |    0000099A  A$lcc8267 |    0000099C  A$lcc8267
     0000099F  A$lcc8267 |    000009A1  A$lcc8267 |    000009A4  A$lcc8267
     000009A6  A$lcc8267 |    000009A9  A$lcc8267 |    000009AB  A$lcc8267
     000009AE  A$lcc8267 |    000009B0  A$lcc8267 |    000009B3  A$lcc8267
     000009B5  A$lcc8267 |    000009B8  A$lcc8267 |    000009BA  A$lcc8267
     000009BD  A$lcc8267 |    000009BF  A$lcc8267 |    000009C2  A$lcc8267
     000009C4  A$lcc8267 |    000009C7  A$lcc8267 |    000009C9  A$lcc8267
     000009CC  A$lcc8267 |    000009CE  A$lcc8267 |    000009D1  A$lcc8267
     000009D3  A$lcc8267 |    000009D6  A$lcc8267 |    000009D8  A$lcc8267
     000009DB  A$lcc8267 |    000009DD  A$lcc8267 |    000009E0  A$lcc8267
     000009E2  A$lcc8267 |    000009E5  A$lcc8267 |    000009E7  A$lcc8267
     000009EA  A$lcc8267 |    000009EC  A$lcc8267 |    000009EF  A$lcc8267
     000009F1  A$lcc8267 |    000009F4  A$lcc8267 |    000009F6  A$lcc8267
     000009F9  A$lcc8267 |    000009FB  A$lcc8267 |    000009FE  A$lcc8267
     00000A00  A$lcc8267 |    00000A03  A$lcc8267 |    00000A05  A$lcc8267
     00000A08  A$lcc8267 |    00000A0A  A$lcc8267 |    00000A0D  A$lcc8267
     00000A0F  A$lcc8267 |    00000A12  A$lcc8267 |    00000A14  A$lcc8267
     00000A17  A$lcc8267 |    00000A19  A$lcc8267 |    00000A1C  A$lcc8267
     00000A1E  A$lcc8267 |    00000A21  A$lcc8267 |    00000A23  A$lcc8267
     00000A26  A$lcc8267 |    00000A28  A$lcc8267 |    00000A2B  A$lcc8267
     00000A2D  A$lcc8267 |    00000A30  A$lcc8267 |    00000A32  A$lcc8267
     00000A35  A$lcc8267 |    00000A37  A$lcc8267 |    00000A3A  A$lcc8267
     00000A3C  A$lcc8267 |    00000A3F  A$lcc8267 |    00000A41  A$lcc8267
     00000A44  A$lcc8267 |    00000A46  A$lcc8267 |    00000A49  A$lcc8267
     00000A4B  A$lcc8267 |    00000A4E  A$lcc8267 |    00000A50  A$lcc8267
     00000A53  A$lcc8267 |    00000A55  A$lcc8267 |    00000A58  A$lcc8267
     00000A5A  A$lcc8267 |    00000A5D  A$lcc8267 |    00000A5F  A$lcc8267
     00000A62  A$lcc8267 |    00000A64  A$lcc8267 |    00000A67  A$lcc8267
     00000A69  A$lcc8267 |    00000A6C  A$lcc8267 |    00000A6E  A$lcc8267
     00000A71  A$lcc8267 |    00000A73  A$lcc8267 |    00000A76  A$lcc8267
     00000A78  A$lcc8267 |    00000A7B  A$lcc8267 |    00000A7D  A$lcc8267
ASxxxx Linker V03.00 + NoICE + sdld,  page 27.
Hexadecimal  [32-Bits]

Area                       Addr        Size        Decimal Bytes (Attributes)
--------------------       ----        ----        ------- ----- ------------
_GSINIT                0000079B    0000168D =        5773. bytes (REL,CON)

        Value  Global            Value  Global            Value  Global    
        -----  ------            -----  ------            -----  ------    
     00000A80  A$lcc8267 |    00000A82  A$lcc8267 |    00000A85  A$lcc8267
     00000A87  A$lcc8267 |    00000A8A  A$lcc8267 |    00000A8C  A$lcc8267
     00000A8F  A$lcc8267 |    00000A91  A$lcc8267 |    00000A94  A$lcc8267
     00000A96  A$lcc8267 |    00000A99  A$lcc8267 |    00000A9B  A$lcc8267
     00000A9E  A$lcc8267 |    00000AA0  A$lcc8267 |    00000AA3  A$lcc8267
     00000AA5  A$lcc8267 |    00000AA8  A$lcc8267 |    00000AAA  A$lcc8267
     00000AAD  A$lcc8267 |    00000AAF  A$lcc8267 |    00000AB2  A$lcc8267
     00000AB4  A$lcc8267 |    00000AB7  A$lcc8267 |    00000AB9  A$lcc8267
     00000ABC  A$lcc8267 |    00000ABE  A$lcc8267 |    00000AC1  A$lcc8267
     00000AC3  A$lcc8267 |    00000AC6  A$lcc8267 |    00000AC8  A$lcc8267
     00000ACB  A$lcc8267 |    00000ACD  A$lcc8267 |    00000AD0  A$lcc8267
     00000AD2  A$lcc8267 |    00000AD5  A$lcc8267 |    00000AD7  A$lcc8267
     00000ADA  A$lcc8267 |    00000ADC  A$lcc8267 |    00000ADF  A$lcc8267
     00000AE1  A$lcc8267 |    00000AE4  A$lcc8267 |    00000AE6  A$lcc8267
     00000AE9  A$lcc8267 |    00000AEB  A$lcc8267 |    00000AEE  A$lcc8267
     00000AF0  A$lcc8267 |    00000AF3  A$lcc8267 |    00000AF5  A$lcc8267
     00000AF8  A$lcc8267 |    00000AFA  A$lcc8267 |    00000AFD  A$lcc8267
     00000AFF  A$lcc8267 |    00000B02  A$lcc8267 |    00000B04  A$lcc8267
     00000B07  A$lcc8267 |    00000B09  A$lcc8267 |    00000B0C  A$lcc8267
     00000B0E  A$lcc8267 |    00000B11  A$lcc8267 |    00000B13  A$lcc8267
     00000B16  A$lcc8267 |    00000B18  A$lcc8267 |    00000B1B  A$lcc8267
     00000B1D  A$lcc8267 |    00000B20  A$lcc8267 |    00000B22  A$lcc8267
     00000B25  A$lcc8267 |    00000B27  A$lcc8267 |    00000B2A  A$lcc8267
     00000B2C  A$lcc8267 |    00000B2F  A$lcc8267 |    00000B31  A$lcc8267
     00000B34  A$lcc8267 |    00000B36  A$lcc8267 |    00000B39  A$lcc8267
     00000B3B  A$lcc8267 |    00000B3E  A$lcc8267 |    00000B40  A$lcc8267
     00000B43  A$lcc8267 |    00000B45  A$lcc8267 |    00000B48  A$lcc8267
     00000B4A  A$lcc8267 |    00000B4D  A$lcc8267 |    00000B4F  A$lcc8267
     00000B52  A$lcc8267 |    00000B54  A$lcc8267 |    00000B57  A$lcc8267
     00000B59  A$lcc8267 |    00000B5C  A$lcc8267 |    00000B5E  A$lcc8267
     00000B61  A$lcc8267 |    00000B63  A$lcc8267 |    00000B66  A$lcc8267
     00000B68  A$lcc8267 |    00000B6B  A$lcc8267 |    00000B6D  A$lcc8267
     00000B70  A$lcc8267 |    00000B72  A$lcc8267 |    00000B75  A$lcc8267
     00000B77  A$lcc8267 |    00000B7A  A$lcc8267 |    00000B7C  A$lcc8267
     00000B7F  A$lcc8267 |    00000B81  A$lcc8267 |    00000B84  A$lcc8267
     00000B86  A$lcc8267 |    00000B89  A$lcc8267 |    00000B8B  A$lcc8267
     00000B8E  A$lcc8267 |    00000B90  A$lcc8267 |    00000B93  A$lcc8267
     00000B95  A$lcc8267 |    00000B98  A$lcc8267 |    00000B9A  A$lcc8267
     00000B9D  A$lcc8267 |    00000B9F  A$lcc8267 |    00000BA2  A$lcc8267
     00000BA4  A$lcc8267 |    00000BA7  A$lcc8267 |    00000BA9  A$lcc8267
     00000BAC  A$lcc8267 |    00000BAE  A$lcc8267 |    00000BB1  A$lcc8267
     00000BB3  A$lcc8267 |    00000BB6  A$lcc8267 |    00000BB8  A$lcc8267
     00000BBB  A$lcc8267 |    00000BBD  A$lcc8267 |    00000BC0  A$lcc8267
     00000BC2  A$lcc8267 |    00000BC5  A$lcc8267 |    00000BC7  A$lcc8267
     00000BCA  A$lcc8267 |    00000BCC  A$lcc8267 |    00000BCF  A$lcc8267
     00000BD1  A$lcc8267 |    00000BD4  A$lcc8267 |    00000BD6  A$lcc8267
     00000BD9  A$lcc8267 |    00000BDB  A$lcc8267 |    00000BDE  A$lcc8267
     00000BE0  A$lcc8267 |    00000BE3  A$lcc8267 |    00000BE5  A$lcc8267
     00000BE8  A$lcc8267 |    00000BEA  A$lcc8267 |    00000BED  A$lcc8267
     00000BEF  A$lcc8267 |    00000BF2  A$lcc8267 |    00000BF4  A$lcc8267
     00000BF7  A$lcc8267 |    00000BF9  A$lcc8267 |    00000BFC  A$lcc8267
ASxxxx Linker V03.00 + NoICE + sdld,  page 28.
Hexadecimal  [32-Bits]

Area                       Addr        Size        Decimal Bytes (Attributes)
--------------------       ----        ----        ------- ----- ------------
_GSINIT                0000079B    0000168D =        5773. bytes (REL,CON)

        Value  Global            Value  Global            Value  Global    
        -----  ------            -----  ------            -----  ------    
     00000BFE  A$lcc8267 |    00000C01  A$lcc8267 |    00000C03  A$lcc8267
     00000C06  A$lcc8267 |    00000C08  A$lcc8267 |    00000C0B  A$lcc8267
     00000C0D  A$lcc8267 |    00000C10  A$lcc8267 |    00000C12  A$lcc8267
     00000C15  A$lcc8267 |    00000C17  A$lcc8267 |    00000C1A  A$lcc8267
     00000C1C  A$lcc8267 |    00000C1F  A$lcc8267 |    00000C21  A$lcc8267
     00000C24  A$lcc8267 |    00000C26  A$lcc8267 |    00000C29  A$lcc8267
     00000C2B  A$lcc8267 |    00000C2E  A$lcc8267 |    00000C30  A$lcc8267
     00000C33  A$lcc8267 |    00000C35  A$lcc8267 |    00000C38  A$lcc8267
     00000C3A  A$lcc8267 |    00000C3D  A$lcc8267 |    00000C3F  A$lcc8267
     00000C42  A$lcc8267 |    00000C44  A$lcc8267 |    00000C47  A$lcc8267
     00000C49  A$lcc8267 |    00000C4C  A$lcc8267 |    00000C4E  A$lcc8267
     00000C51  A$lcc8267 |    00000C53  A$lcc8267 |    00000C56  A$lcc8267
     00000C58  A$lcc8267 |    00000C5B  A$lcc8267 |    00000C5D  A$lcc8267
     00000C60  A$lcc8267 |    00000C62  A$lcc8267 |    00000C65  A$lcc8267
     00000C67  A$lcc8267 |    00000C6A  A$lcc8267 |    00000C6C  A$lcc8267
     00000C6F  A$lcc8267 |    00000C71  A$lcc8267 |    00000C74  A$lcc8267
     00000C76  A$lcc8267 |    00000C79  A$lcc8267 |    00000C7B  A$lcc8267
     00000C7E  A$lcc8267 |    00000C80  A$lcc8267 |    00000C83  A$lcc8267
     00000C85  A$lcc8267 |    00000C88  A$lcc8267 |    00000C8A  A$lcc8267
     00000C8D  A$lcc8267 |    00000C8F  A$lcc8267 |    00000C92  A$lcc8267
     00000C94  A$lcc8267 |    00000C97  A$lcc8267 |    00000C99  A$lcc8267
     00000C9C  A$lcc8267 |    00000C9E  A$lcc8267 |    00000CA1  A$lcc8267
     00000CA3  A$lcc8267 |    00000CA6  A$lcc8267 |    00000CA8  A$lcc8267
     00000CAB  A$lcc8267 |    00000CAD  A$lcc8267 |    00000CB0  A$lcc8267
     00000CB2  A$lcc8267 |    00000CB5  A$lcc8267 |    00000CB7  A$lcc8267
     00000CBA  A$lcc8267 |    00000CBC  A$lcc8267 |    00000CBF  A$lcc8267
     00000CC1  A$lcc8267 |    00000CC4  A$lcc8267 |    00000CC6  A$lcc8267
     00000CC9  A$lcc8267 |    00000CCB  A$lcc8267 |    00000CCE  A$lcc8267
     00000CD0  A$lcc8267 |    00000CD3  A$lcc8267 |    00000CD5  A$lcc8267
     00000CD8  A$lcc8267 |    00000CDA  A$lcc8267 |    00000CDD  A$lcc8267
     00000CDF  A$lcc8267 |    00000CE2  A$lcc8267 |    00000CE4  A$lcc8267
     00000CE7  A$lcc8267 |    00000CE9  A$lcc8267 |    00000CEC  A$lcc8267
     00000CEE  A$lcc8267 |    00000CF1  A$lcc8267 |    00000CF3  A$lcc8267
     00000CF6  A$lcc8267 |    00000CF8  A$lcc8267 |    00000CFB  A$lcc8267
     00000CFD  A$lcc8267 |    00000D00  A$lcc8267 |    00000D02  A$lcc8267
     00000D05  A$lcc8267 |    00000D07  A$lcc8267 |    00000D0A  A$lcc8267
     00000D0C  A$lcc8267 |    00000D0F  A$lcc8267 |    00000D11  A$lcc8267
     00000D14  A$lcc8267 |    00000D16  A$lcc8267 |    00000D19  A$lcc8267
     00000D1B  A$lcc8267 |    00000D1E  A$lcc8267 |    00000D20  A$lcc8267
     00000D23  A$lcc8267 |    00000D25  A$lcc8267 |    00000D28  A$lcc8267
     00000D2A  A$lcc8267 |    00000D2D  A$lcc8267 |    00000D2F  A$lcc8267
     00000D32  A$lcc8267 |    00000D34  A$lcc8267 |    00000D37  A$lcc8267
     00000D39  A$lcc8267 |    00000D3C  A$lcc8267 |    00000D3E  A$lcc8267
     00000D41  A$lcc8267 |    00000D43  A$lcc8267 |    00000D46  A$lcc8267
     00000D48  A$lcc8267 |    00000D4B  A$lcc8267 |    00000D4D  A$lcc8267
     00000D50  A$lcc8267 |    00000D52  A$lcc8267 |    00000D55  A$lcc8267
     00000D57  A$lcc8267 |    00000D5A  A$lcc8267 |    00000D5C  A$lcc8267
     00000D5F  A$lcc8267 |    00000D61  A$lcc8267 |    00000D64  A$lcc8267
     00000D66  A$lcc8267 |    00000D69  A$lcc8267 |    00000D6B  A$lcc8267
     00000D6E  A$lcc8267 |    00000D70  A$lcc8267 |    00000D73  A$lcc8267
     00000D75  A$lcc8267 |    00000D78  A$lcc8267 |    00000D7A  A$lcc8267
ASxxxx Linker V03.00 + NoICE + sdld,  page 29.
Hexadecimal  [32-Bits]

Area                       Addr        Size        Decimal Bytes (Attributes)
--------------------       ----        ----        ------- ----- ------------
_GSINIT                0000079B    0000168D =        5773. bytes (REL,CON)

        Value  Global            Value  Global            Value  Global    
        -----  ------            -----  ------            -----  ------    
     00000D7D  A$lcc8267 |    00000D7F  A$lcc8267 |    00000D82  A$lcc8267
     00000D84  A$lcc8267 |    00000D87  A$lcc8267 |    00000D89  A$lcc8267
     00000D8C  A$lcc8267 |    00000D8E  A$lcc8267 |    00000D91  A$lcc8267
     00000D93  A$lcc8267 |    00000D96  A$lcc8267 |    00000D98  A$lcc8267
     00000D9B  A$lcc8267 |    00000D9D  A$lcc8267 |    00000DA0  A$lcc8267
     00000DA2  A$lcc8267 |    00000DA5  A$lcc8267 |    00000DA7  A$lcc8267
     00000DAA  A$lcc8267 |    00000DAC  A$lcc8267 |    00000DAF  A$lcc8267
     00000DB1  A$lcc8267 |    00000DB4  A$lcc8267 |    00000DB6  A$lcc8267
     00000DB9  A$lcc8267 |    00000DBB  A$lcc8267 |    00000DBE  A$lcc8267
     00000DC0  A$lcc8267 |    00000DC3  A$lcc8267 |    00000DC5  A$lcc8267
     00000DC8  A$lcc8267 |    00000DCA  A$lcc8267 |    00000DCD  A$lcc8267
     00000DCF  A$lcc8267 |    00000DD2  A$lcc8267 |    00000DD4  A$lcc8267
     00000DD7  A$lcc8267 |    00000DD9  A$lcc8267 |    00000DDC  A$lcc8267
     00000DDE  A$lcc8267 |    00000DE1  A$lcc8267 |    00000DE3  A$lcc8267
     00000DE6  A$lcc8267 |    00000DE8  A$lcc8267 |    00000DEB  A$lcc8267
     00000DED  A$lcc8267 |    00000DF0  A$lcc8267 |    00000DF2  A$lcc8267
     00000DF5  A$lcc8267 |    00000DF7  A$lcc8267 |    00000DFA  A$lcc8267
     00000DFC  A$lcc8267 |    00000DFF  A$lcc8267 |    00000E01  A$lcc8267
     00000E04  A$lcc8267 |    00000E06  A$lcc8267 |    00000E09  A$lcc8267
     00000E0B  A$lcc8267 |    00000E0E  A$lcc8267 |    00000E10  A$lcc8267
     00000E13  A$lcc8267 |    00000E15  A$lcc8267 |    00000E18  A$lcc8267
     00000E1A  A$lcc8267 |    00000E1D  A$lcc8267 |    00000E1F  A$lcc8267
     00000E22  A$lcc8267 |    00000E24  A$lcc8267 |    00000E27  A$lcc8267
     00000E29  A$lcc8267 |    00000E2C  A$lcc8267 |    00000E2E  A$lcc8267
     00000E31  A$lcc8267 |    00000E33  A$lcc8267 |    00000E36  A$lcc8267
     00000E38  A$lcc8267 |    00000E3B  A$lcc8267 |    00000E3D  A$lcc8267
     00000E40  A$lcc8267 |    00000E42  A$lcc8267 |    00000E45  A$lcc8267
     00000E47  A$lcc8267 |    00000E4A  A$lcc8267 |    00000E4C  A$lcc8267
     00000E4F  A$lcc8267 |    00000E51  A$lcc8267 |    00000E54  A$lcc8267
     00000E56  A$lcc8267 |    00000E59  A$lcc8267 |    00000E5B  A$lcc8267
     00000E5E  A$lcc8267 |    00000E60  A$lcc8267 |    00000E63  A$lcc8267
     00000E65  A$lcc8267 |    00000E68  A$lcc8267 |    00000E6A  A$lcc8267
     00000E6D  A$lcc8267 |    00000E6F  A$lcc8267 |    00000E72  A$lcc8267
     00000E74  A$lcc8267 |    00000E77  A$lcc8267 |    00000E79  A$lcc8267
     00000E7C  A$lcc8267 |    00000E7E  A$lcc8267 |    00000E81  A$lcc8267
     00000E83  A$lcc8267 |    00000E86  A$lcc8267 |    00000E88  A$lcc8267
     00000E8B  A$lcc8267 |    00000E8D  A$lcc8267 |    00000E90  A$lcc8267
     00000E92  A$lcc8267 |    00000E95  A$lcc8267 |    00000E97  A$lcc8267
     00000E9A  A$lcc8267 |    00000E9C  A$lcc8267 |    00000E9F  A$lcc8267
     00000EA1  A$lcc8267 |    00000EA4  A$lcc8267 |    00000EA6  A$lcc8267
     00000EA9  A$lcc8267 |    00000EAB  A$lcc8267 |    00000EAE  A$lcc8267
     00000EB0  A$lcc8267 |    00000EB3  A$lcc8267 |    00000EB5  A$lcc8267
     00000EB8  A$lcc8267 |    00000EBA  A$lcc8267 |    00000EBD  A$lcc8267
     00000EBF  A$lcc8267 |    00000EC2  A$lcc8267 |    00000EC4  A$lcc8267
     00000EC7  A$lcc8267 |    00000EC9  A$lcc8267 |    00000ECC  A$lcc8267
     00000ECE  A$lcc8267 |    00000ED1  A$lcc8267 |    00000ED3  A$lcc8267
     00000ED6  A$lcc8267 |    00000ED8  A$lcc8267 |    00000EDB  A$lcc8267
     00000EDD  A$lcc8267 |    00000EE0  A$lcc8267 |    00000EE2  A$lcc8267
     00000EE5  A$lcc8267 |    00000EE7  A$lcc8267 |    00000EEA  A$lcc8267
     00000EEC  A$lcc8267 |    00000EEF  A$lcc8267 |    00000EF1  A$lcc8267
     00000EF4  A$lcc8267 |    00000EF6  A$lcc8267 |    00000EF9  A$lcc8267
ASxxxx Linker V03.00 + NoICE + sdld,  page 30.
Hexadecimal  [32-Bits]

Area                       Addr        Size        Decimal Bytes (Attributes)
--------------------       ----        ----        ------- ----- ------------
_GSINIT                0000079B    0000168D =        5773. bytes (REL,CON)

        Value  Global            Value  Global            Value  Global    
        -----  ------            -----  ------            -----  ------    
     00000EFB  A$lcc8267 |    00000EFE  A$lcc8267 |    00000F00  A$lcc8267
     00000F03  A$lcc8267 |    00000F05  A$lcc8267 |    00000F08  A$lcc8267
     00000F0A  A$lcc8267 |    00000F0D  A$lcc8267 |    00000F0F  A$lcc8267
     00000F12  A$lcc8267 |    00000F14  A$lcc8267 |    00000F17  A$lcc8267
     00000F19  A$lcc8267 |    00000F1C  A$lcc8267 |    00000F1E  A$lcc8267
     00000F21  A$lcc8267 |    00000F23  A$lcc8267 |    00000F26  A$lcc8267
     00000F28  A$lcc8267 |    00000F2B  A$lcc8267 |    00000F2D  A$lcc8267
     00000F30  A$lcc8267 |    00000F32  A$lcc8267 |    00000F35  A$lcc8267
     00000F37  A$lcc8267 |    00000F3A  A$lcc8267 |    00000F3C  A$lcc8267
     00000F3F  A$lcc8267 |    00000F41  A$lcc8267 |    00000F44  A$lcc8267
     00000F46  A$lcc8267 |    00000F49  A$lcc8267 |    00000F4B  A$lcc8267
     00000F4E  A$lcc8267 |    00000F50  A$lcc8267 |    00000F53  A$lcc8267
     00000F55  A$lcc8267 |    00000F58  A$lcc8267 |    00000F5A  A$lcc8267
     00000F5D  A$lcc8267 |    00000F5F  A$lcc8267 |    00000F62  A$lcc8267
     00000F64  A$lcc8267 |    00000F67  A$lcc8267 |    00000F69  A$lcc8267
     00000F6C  A$lcc8267 |    00000F6E  A$lcc8267 |    00000F71  A$lcc8267
     00000F73  A$lcc8267 |    00000F76  A$lcc8267 |    00000F78  A$lcc8267
     00000F7B  A$lcc8267 |    00000F7D  A$lcc8267 |    00000F80  A$lcc8267
     00000F82  A$lcc8267 |    00000F85  A$lcc8267 |    00000F87  A$lcc8267
     00000F8A  A$lcc8267 |    00000F8C  A$lcc8267 |    00000F8F  A$lcc8267
     00000F91  A$lcc8267 |    00000F94  A$lcc8267 |    00000F96  A$lcc8267
     00000F99  A$lcc8267 |    00000F9B  A$lcc8267 |    00000F9E  A$lcc8267
     00000FA0  A$lcc8267 |    00000FA3  A$lcc8267 |    00000FA5  A$lcc8267
     00000FA8  A$lcc8267 |    00000FAA  A$lcc8267 |    00000FAD  A$lcc8267
     00000FAF  A$lcc8267 |    00000FB2  A$lcc8267 |    00000FB4  A$lcc8267
     00000FB7  A$lcc8267 |    00000FB9  A$lcc8267 |    00000FBC  A$lcc8267
     00000FBE  A$lcc8267 |    00000FC1  A$lcc8267 |    00000FC3  A$lcc8267
     00000FC6  A$lcc8267 |    00000FC8  A$lcc8267 |    00000FCB  A$lcc8267
     00000FCD  A$lcc8267 |    00000FD0  A$lcc8267 |    00000FD2  A$lcc8267
     00000FD5  A$lcc8267 |    00000FD7  A$lcc8267 |    00000FDA  A$lcc8267
     00000FDC  A$lcc8267 |    00000FDF  A$lcc8267 |    00000FE1  A$lcc8267
     00000FE4  A$lcc8267 |    00000FE6  A$lcc8267 |    00000FE9  A$lcc8267
     00000FEB  A$lcc8267 |    00000FEE  A$lcc8267 |    00000FF0  A$lcc8267
     00000FF3  A$lcc8267 |    00000FF5  A$lcc8267 |    00000FF8  A$lcc8267
     00000FFA  A$lcc8267 |    00000FFD  A$lcc8267 |    00000FFF  A$lcc8267
     00001002  A$lcc8267 |    00001004  A$lcc8267 |    00001007  A$lcc8267
     00001009  A$lcc8267 |    0000100C  A$lcc8267 |    0000100E  A$lcc8267
     00001011  A$lcc8267 |    00001013  A$lcc8267 |    00001016  A$lcc8267
     00001018  A$lcc8267 |    0000101B  A$lcc8267 |    0000101D  A$lcc8267
     00001020  A$lcc8267 |    00001022  A$lcc8267 |    00001025  A$lcc8267
     00001027  A$lcc8267 |    0000102A  A$lcc8267 |    0000102C  A$lcc8267
     0000102F  A$lcc8267 |    00001031  A$lcc8267 |    00001034  A$lcc8267
     00001036  A$lcc8267 |    00001039  A$lcc8267 |    0000103B  A$lcc8267
     0000103E  A$lcc8267 |    00001040  A$lcc8267 |    00001043  A$lcc8267
     00001045  A$lcc8267 |    00001048  A$lcc8267 |    0000104A  A$lcc8267
     0000104D  A$lcc8267 |    0000104F  A$lcc8267 |    00001052  A$lcc8267
     00001054  A$lcc8267 |    00001057  A$lcc8267 |    00001059  A$lcc8267
     0000105C  A$lcc8267 |    0000105E  A$lcc8267 |    00001061  A$lcc8267
     00001063  A$lcc8267 |    00001066  A$lcc8267 |    00001068  A$lcc8267
     0000106B  A$lcc8267 |    0000106D  A$lcc8267 |    00001070  A$lcc8267
     00001072  A$lcc8267 |    00001075  A$lcc8267 |    00001077  A$lcc8267
ASxxxx Linker V03.00 + NoICE + sdld,  page 31.
Hexadecimal  [32-Bits]

Area                       Addr        Size        Decimal Bytes (Attributes)
--------------------       ----        ----        ------- ----- ------------
_GSINIT                0000079B    0000168D =        5773. bytes (REL,CON)

        Value  Global            Value  Global            Value  Global    
        -----  ------            -----  ------            -----  ------    
     0000107A  A$lcc8267 |    0000107C  A$lcc8267 |    0000107F  A$lcc8267
     00001081  A$lcc8267 |    00001084  A$lcc8267 |    00001086  A$lcc8267
     00001089  A$lcc8267 |    0000108B  A$lcc8267 |    0000108E  A$lcc8267
     00001090  A$lcc8267 |    00001093  A$lcc8267 |    00001095  A$lcc8267
     00001098  A$lcc8267 |    0000109A  A$lcc8267 |    0000109D  A$lcc8267
     0000109F  A$lcc8267 |    000010A2  A$lcc8267 |    000010A4  A$lcc8267
     000010A7  A$lcc8267 |    000010A9  A$lcc8267 |    000010AC  A$lcc8267
     000010AE  A$lcc8267 |    000010B1  A$lcc8267 |    000010B3  A$lcc8267
     000010B6  A$lcc8267 |    000010B8  A$lcc8267 |    000010BB  A$lcc8267
     000010BD  A$lcc8267 |    000010C0  A$lcc8267 |    000010C2  A$lcc8267
     000010C5  A$lcc8267 |    000010C7  A$lcc8267 |    000010CA  A$lcc8267
     000010CC  A$lcc8267 |    000010CF  A$lcc8267 |    000010D1  A$lcc8267
     000010D4  A$lcc8267 |    000010D6  A$lcc8267 |    000010D9  A$lcc8267
     000010DB  A$lcc8267 |    000010DE  A$lcc8267 |    000010E0  A$lcc8267
     000010E3  A$lcc8267 |    000010E5  A$lcc8267 |    000010E8  A$lcc8267
     000010EA  A$lcc8267 |    000010ED  A$lcc8267 |    000010EF  A$lcc8267
     000010F2  A$lcc8267 |    000010F4  A$lcc8267 |    000010F7  A$lcc8267
     000010F9  A$lcc8267 |    000010FC  A$lcc8267 |    000010FE  A$lcc8267
     00001101  A$lcc8267 |    00001103  A$lcc8267 |    00001106  A$lcc8267
     00001108  A$lcc8267 |    0000110B  A$lcc8267 |    0000110D  A$lcc8267
     00001110  A$lcc8267 |    00001112  A$lcc8267 |    00001115  A$lcc8267
     00001117  A$lcc8267 |    0000111A  A$lcc8267 |    0000111C  A$lcc8267
     0000111F  A$lcc8267 |    00001121  A$lcc8267 |    00001124  A$lcc8267
     00001126  A$lcc8267 |    00001129  A$lcc8267 |    0000112B  A$lcc8267
     0000112E  A$lcc8267 |    00001130  A$lcc8267 |    00001133  A$lcc8267
     00001135  A$lcc8267 |    00001138  A$lcc8267 |    0000113A  A$lcc8267
     0000113D  A$lcc8267 |    0000113F  A$lcc8267 |    00001142  A$lcc8267
     00001144  A$lcc8267 |    00001147  A$lcc8267 |    00001149  A$lcc8267
     0000114C  A$lcc8267 |    0000114E  A$lcc8267 |    00001151  A$lcc8267
     00001153  A$lcc8267 |    00001156  A$lcc8267 |    00001158  A$lcc8267
     0000115B  A$lcc8267 |    0000115D  A$lcc8267 |    00001160  A$lcc8267
     00001162  A$lcc8267 |    00001165  A$lcc8267 |    00001167  A$lcc8267
     0000116A  A$lcc8267 |    0000116C  A$lcc8267 |    0000116F  A$lcc8267
     00001171  A$lcc8267 |    00001174  A$lcc8267 |    00001176  A$lcc8267
     00001179  A$lcc8267 |    0000117B  A$lcc8267 |    0000117E  A$lcc8267
     00001180  A$lcc8267 |    00001183  A$lcc8267 |    00001185  A$lcc8267
     00001188  A$lcc8267 |    0000118A  A$lcc8267 |    0000118D  A$lcc8267
     0000118F  A$lcc8267 |    00001192  A$lcc8267 |    00001194  A$lcc8267
     00001197  A$lcc8267 |    00001199  A$lcc8267 |    0000119C  A$lcc8267
     0000119E  A$lcc8267 |    000011A1  A$lcc8267 |    000011A3  A$lcc8267
     000011A6  A$lcc8267 |    000011A8  A$lcc8267 |    000011AB  A$lcc8267
     000011AD  A$lcc8267 |    000011B0  A$lcc8267 |    000011B2  A$lcc8267
     000011B5  A$lcc8267 |    000011B7  A$lcc8267 |    000011BA  A$lcc8267
     000011BC  A$lcc8267 |    000011BF  A$lcc8267 |    000011C1  A$lcc8267
     000011C4  A$lcc8267 |    000011C6  A$lcc8267 |    000011C9  A$lcc8267
     000011CB  A$lcc8267 |    000011CE  A$lcc8267 |    000011D0  A$lcc8267
     000011D3  A$lcc8267 |    000011D5  A$lcc8267 |    000011D8  A$lcc8267
     000011DA  A$lcc8267 |    000011DD  A$lcc8267 |    000011DF  A$lcc8267
     000011E2  A$lcc8267 |    000011E4  A$lcc8267 |    000011E7  A$lcc8267
     000011E9  A$lcc8267 |    000011EC  A$lcc8267 |    000011EE  A$lcc8267
     000011F1  A$lcc8267 |    000011F3  A$lcc8267 |    000011F6  A$lcc8267
ASxxxx Linker V03.00 + NoICE + sdld,  page 32.
Hexadecimal  [32-Bits]

Area                       Addr        Size        Decimal Bytes (Attributes)
--------------------       ----        ----        ------- ----- ------------
_GSINIT                0000079B    0000168D =        5773. bytes (REL,CON)

        Value  Global            Value  Global            Value  Global    
        -----  ------            -----  ------            -----  ------    
     000011F8  A$lcc8267 |    000011FB  A$lcc8267 |    000011FD  A$lcc8267
     00001200  A$lcc8267 |    00001202  A$lcc8267 |    00001205  A$lcc8267
     00001207  A$lcc8267 |    0000120A  A$lcc8267 |    0000120C  A$lcc8267
     0000120F  A$lcc8267 |    00001211  A$lcc8267 |    00001214  A$lcc8267
     00001216  A$lcc8267 |    00001219  A$lcc8267 |    0000121B  A$lcc8267
     0000121E  A$lcc8267 |    00001220  A$lcc8267 |    00001223  A$lcc8267
     00001225  A$lcc8267 |    00001228  A$lcc8267 |    0000122A  A$lcc8267
     0000122D  A$lcc8267 |    0000122F  A$lcc8267 |    00001232  A$lcc8267
     00001234  A$lcc8267 |    00001237  A$lcc8267 |    00001239  A$lcc8267
     0000123C  A$lcc8267 |    0000123E  A$lcc8267 |    00001241  A$lcc8267
     00001243  A$lcc8267 |    00001246  A$lcc8267 |    00001248  A$lcc8267
     0000124B  A$lcc8267 |    0000124D  A$lcc8267 |    00001250  A$lcc8267
     00001252  A$lcc8267 |    00001255  A$lcc8267 |    00001257  A$lcc8267
     0000125A  A$lcc8267 |    0000125C  A$lcc8267 |    0000125F  A$lcc8267
     00001261  A$lcc8267 |    00001264  A$lcc8267 |    00001266  A$lcc8267
     00001269  A$lcc8267 |    0000126B  A$lcc8267 |    0000126E  A$lcc8267
     00001270  A$lcc8267 |    00001273  A$lcc8267 |    00001275  A$lcc8267
     00001278  A$lcc8267 |    0000127A  A$lcc8267 |    0000127D  A$lcc8267
     0000127F  A$lcc8267 |    00001282  A$lcc8267 |    00001284  A$lcc8267
     00001287  A$lcc8267 |    00001289  A$lcc8267 |    0000128C  A$lcc8267
     0000128E  A$lcc8267 |    00001291  A$lcc8267 |    00001293  A$lcc8267
     00001296  A$lcc8267 |    00001298  A$lcc8267 |    0000129B  A$lcc8267
     0000129D  A$lcc8267 |    000012A0  A$lcc8267 |    000012A2  A$lcc8267
     000012A5  A$lcc8267 |    000012A7  A$lcc8267 |    000012AA  A$lcc8267
     000012AC  A$lcc8267 |    000012AF  A$lcc8267 |    000012B1  A$lcc8267
     000012B4  A$lcc8267 |    000012B6  A$lcc8267 |    000012B9  A$lcc8267
     000012BB  A$lcc8267 |    000012BE  A$lcc8267 |    000012C0  A$lcc8267
     000012C3  A$lcc8267 |    000012C5  A$lcc8267 |    000012C8  A$lcc8267
     000012CA  A$lcc8267 |    000012CD  A$lcc8267 |    000012CF  A$lcc8267
     000012D2  A$lcc8267 |    000012D4  A$lcc8267 |    000012D7  A$lcc8267
     000012D9  A$lcc8267 |    000012DC  A$lcc8267 |    000012DE  A$lcc8267
     000012E1  A$lcc8267 |    000012E3  A$lcc8267 |    000012E6  A$lcc8267
     000012E8  A$lcc8267 |    000012EB  A$lcc8267 |    000012ED  A$lcc8267
     000012F0  A$lcc8267 |    000012F2  A$lcc8267 |    000012F5  A$lcc8267
     000012F7  A$lcc8267 |    000012FA  A$lcc8267 |    000012FC  A$lcc8267
     000012FF  A$lcc8267 |    00001301  A$lcc8267 |    00001304  A$lcc8267
     00001306  A$lcc8267 |    00001309  A$lcc8267 |    0000130B  A$lcc8267
     0000130E  A$lcc8267 |    00001310  A$lcc8267 |    00001313  A$lcc8267
     00001315  A$lcc8267 |    00001318  A$lcc8267 |    0000131A  A$lcc8267
     0000131D  A$lcc8267 |    0000131F  A$lcc8267 |    00001322  A$lcc8267
     00001324  A$lcc8267 |    00001327  A$lcc8267 |    00001329  A$lcc8267
     0000132C  A$lcc8267 |    0000132E  A$lcc8267 |    00001331  A$lcc8267
     00001333  A$lcc8267 |    00001336  A$lcc8267 |    00001338  A$lcc8267
     0000133B  A$lcc8267 |    0000133D  A$lcc8267 |    00001340  A$lcc8267
     00001342  A$lcc8267 |    00001345  A$lcc8267 |    00001347  A$lcc8267
     0000134A  A$lcc8267 |    0000134C  A$lcc8267 |    0000134F  A$lcc8267
     00001351  A$lcc8267 |    00001354  A$lcc8267 |    00001356  A$lcc8267
     00001359  A$lcc8267 |    0000135B  A$lcc8267 |    0000135E  A$lcc8267
     00001360  A$lcc8267 |    00001363  A$lcc8267 |    00001365  A$lcc8267
     00001368  A$lcc8267 |    0000136A  A$lcc8267 |    0000136D  A$lcc8267
     0000136F  A$lcc8267 |    00001372  A$lcc8267 |    00001374  A$lcc8267
ASxxxx Linker V03.00 + NoICE + sdld,  page 33.
Hexadecimal  [32-Bits]

Area                       Addr        Size        Decimal Bytes (Attributes)
--------------------       ----        ----        ------- ----- ------------
_GSINIT                0000079B    0000168D =        5773. bytes (REL,CON)

        Value  Global            Value  Global            Value  Global    
        -----  ------            -----  ------            -----  ------    
     00001377  A$lcc8267 |    00001379  A$lcc8267 |    0000137C  A$lcc8267
     0000137E  A$lcc8267 |    00001381  A$lcc8267 |    00001383  A$lcc8267
     00001386  A$lcc8267 |    00001388  A$lcc8267 |    0000138B  A$lcc8267
     0000138D  A$lcc8267 |    00001390  A$lcc8267 |    00001392  A$lcc8267
     00001395  A$lcc8267 |    00001397  A$lcc8267 |    0000139A  A$lcc8267
     0000139C  A$lcc8267 |    0000139F  A$lcc8267 |    000013A1  A$lcc8267
     000013A4  A$lcc8267 |    000013A6  A$lcc8267 |    000013A9  A$lcc8267
     000013AB  A$lcc8267 |    000013AE  A$lcc8267 |    000013B0  A$lcc8267
     000013B3  A$lcc8267 |    000013B5  A$lcc8267 |    000013B8  A$lcc8267
     000013BA  A$lcc8267 |    000013BD  A$lcc8267 |    000013BF  A$lcc8267
     000013C2  A$lcc8267 |    000013C4  A$lcc8267 |    000013C7  A$lcc8267
     000013C9  A$lcc8267 |    000013CC  A$lcc8267 |    000013CE  A$lcc8267
     000013D1  A$lcc8267 |    000013D3  A$lcc8267 |    000013D6  A$lcc8267
     000013D8  A$lcc8267 |    000013DB  A$lcc8267 |    000013DD  A$lcc8267
     000013E0  A$lcc8267 |    000013E2  A$lcc8267 |    000013E5  A$lcc8267
     000013E7  A$lcc8267 |    000013EA  A$lcc8267 |    000013EC  A$lcc8267
     000013EF  A$lcc8267 |    000013F1  A$lcc8267 |    000013F4  A$lcc8267
     000013F6  A$lcc8267 |    000013F9  A$lcc8267 |    000013FB  A$lcc8267
     000013FE  A$lcc8267 |    00001400  A$lcc8267 |    00001403  A$lcc8267
     00001405  A$lcc8267 |    00001408  A$lcc8267 |    0000140A  A$lcc8267
     0000140D  A$lcc8267 |    0000140F  A$lcc8267 |    00001412  A$lcc8267
     00001414  A$lcc8267 |    00001417  A$lcc8267 |    00001419  A$lcc8267
     0000141C  A$lcc8267 |    0000141E  A$lcc8267 |    00001421  A$lcc8267
     00001423  A$lcc8267 |    00001426  A$lcc8267 |    00001428  A$lcc8267
     0000142B  A$lcc8267 |    0000142D  A$lcc8267 |    00001430  A$lcc8267
     00001432  A$lcc8267 |    00001435  A$lcc8267 |    00001437  A$lcc8267
     0000143A  A$lcc8267 |    0000143C  A$lcc8267 |    0000143F  A$lcc8267
     00001441  A$lcc8267 |    00001444  A$lcc8267 |    00001446  A$lcc8267
     00001449  A$lcc8267 |    0000144B  A$lcc8267 |    0000144E  A$lcc8267
     00001450  A$lcc8267 |    00001453  A$lcc8267 |    00001455  A$lcc8267
     00001458  A$lcc8267 |    0000145A  A$lcc8267 |    0000145D  A$lcc8267
     0000145F  A$lcc8267 |    00001462  A$lcc8267 |    00001464  A$lcc8267
     00001467  A$lcc8267 |    00001469  A$lcc8267 |    0000146C  A$lcc8267
     0000146E  A$lcc8267 |    00001471  A$lcc8267 |    00001473  A$lcc8267
     00001476  A$lcc8267 |    00001478  A$lcc8267 |    0000147B  A$lcc8267
     0000147D  A$lcc8267 |    00001480  A$lcc8267 |    00001482  A$lcc8267
     00001485  A$lcc8267 |    00001487  A$lcc8267 |    0000148A  A$lcc8267
     0000148C  A$lcc8267 |    0000148F  A$lcc8267 |    00001491  A$lcc8267
     00001494  A$lcc8267 |    00001496  A$lcc8267 |    00001499  A$lcc8267
     0000149B  A$lcc8267 |    0000149E  A$lcc8267 |    000014A0  A$lcc8267
     000014A3  A$lcc8267 |    000014A5  A$lcc8267 |    000014A8  A$lcc8267
     000014AA  A$lcc8267 |    000014AD  A$lcc8267 |    000014AF  A$lcc8267
     000014B2  A$lcc8267 |    000014B4  A$lcc8267 |    000014B7  A$lcc8267
     000014B9  A$lcc8267 |    000014BC  A$lcc8267 |    000014BE  A$lcc8267
     000014C1  A$lcc8267 |    000014C3  A$lcc8267 |    000014C6  A$lcc8267
     000014C8  A$lcc8267 |    000014CB  A$lcc8267 |    000014CD  A$lcc8267
     000014D0  A$lcc8267 |    000014D2  A$lcc8267 |    000014D5  A$lcc8267
     000014D7  A$lcc8267 |    000014DA  A$lcc8267 |    000014DC  A$lcc8267
     000014DF  A$lcc8267 |    000014E1  A$lcc8267 |    000014E4  A$lcc8267
     000014E6  A$lcc8267 |    000014E9  A$lcc8267 |    000014EB  A$lcc8267
     000014EE  A$lcc8267 |    000014F0  A$lcc8267 |    000014F3  A$lcc8267
ASxxxx Linker V03.00 + NoICE + sdld,  page 34.
Hexadecimal  [32-Bits]

Area                       Addr        Size        Decimal Bytes (Attributes)
--------------------       ----        ----        ------- ----- ------------
_GSINIT                0000079B    0000168D =        5773. bytes (REL,CON)

        Value  Global            Value  Global            Value  Global    
        -----  ------            -----  ------            -----  ------    
     000014F5  A$lcc8267 |    000014F8  A$lcc8267 |    000014FA  A$lcc8267
     000014FD  A$lcc8267 |    000014FF  A$lcc8267 |    00001502  A$lcc8267
     00001504  A$lcc8267 |    00001507  A$lcc8267 |    00001509  A$lcc8267
     0000150C  A$lcc8267 |    0000150E  A$lcc8267 |    00001511  A$lcc8267
     00001513  A$lcc8267 |    00001516  A$lcc8267 |    00001518  A$lcc8267
     0000151B  A$lcc8267 |    0000151D  A$lcc8267 |    00001520  A$lcc8267
     00001522  A$lcc8267 |    00001525  A$lcc8267 |    00001527  A$lcc8267
     0000152A  A$lcc8267 |    0000152C  A$lcc8267 |    0000152F  A$lcc8267
     00001531  A$lcc8267 |    00001534  A$lcc8267 |    00001536  A$lcc8267
     00001539  A$lcc8267 |    0000153B  A$lcc8267 |    0000153E  A$lcc8267
     00001540  A$lcc8267 |    00001543  A$lcc8267 |    00001545  A$lcc8267
     00001548  A$lcc8267 |    0000154A  A$lcc8267 |    0000154D  A$lcc8267
     0000154F  A$lcc8267 |    00001552  A$lcc8267 |    00001554  A$lcc8267
     00001557  A$lcc8267 |    00001559  A$lcc8267 |    0000155C  A$lcc8267
     0000155E  A$lcc8267 |    00001561  A$lcc8267 |    00001563  A$lcc8267
     00001566  A$lcc8267 |    00001568  A$lcc8267 |    0000156B  A$lcc8267
     0000156D  A$lcc8267 |    00001570  A$lcc8267 |    00001572  A$lcc8267
     00001575  A$lcc8267 |    00001577  A$lcc8267 |    0000157A  A$lcc8267
     0000157C  A$lcc8267 |    0000157F  A$lcc8267 |    00001581  A$lcc8267
     00001584  A$lcc8267 |    00001586  A$lcc8267 |    00001589  A$lcc8267
     0000158B  A$lcc8267 |    0000158E  A$lcc8267 |    00001590  A$lcc8267
     00001593  A$lcc8267 |    00001595  A$lcc8267 |    00001598  A$lcc8267
     0000159A  A$lcc8267 |    0000159D  A$lcc8267 |    0000159F  A$lcc8267
     000015A2  A$lcc8267 |    000015A4  A$lcc8267 |    000015A7  A$lcc8267
     000015A9  A$lcc8267 |    000015AC  A$lcc8267 |    000015AE  A$lcc8267
     000015B1  A$lcc8267 |    000015B3  A$lcc8267 |    000015B6  A$lcc8267
     000015B8  A$lcc8267 |    000015BB  A$lcc8267 |    000015BD  A$lcc8267
     000015C0  A$lcc8267 |    000015C2  A$lcc8267 |    000015C5  A$lcc8267
     000015C7  A$lcc8267 |    000015CA  A$lcc8267 |    000015CC  A$lcc8267
     000015CF  A$lcc8267 |    000015D1  A$lcc8267 |    000015D4  A$lcc8267
     000015D6  A$lcc8267 |    000015D9  A$lcc8267 |    000015DB  A$lcc8267
     000015DE  A$lcc8267 |    000015E0  A$lcc8267 |    000015E3  A$lcc8267
     000015E5  A$lcc8267 |    000015E8  A$lcc8267 |    000015EA  A$lcc8267
     000015ED  A$lcc8267 |    000015EF  A$lcc8267 |    000015F2  A$lcc8267
     000015F4  A$lcc8267 |    000015F7  A$lcc8267 |    000015F9  A$lcc8267
     000015FC  A$lcc8267 |    000015FE  A$lcc8267 |    00001601  A$lcc8267
     00001603  A$lcc8267 |    00001606  A$lcc8267 |    00001608  A$lcc8267
     0000160B  A$lcc8267 |    0000160D  A$lcc8267 |    00001610  A$lcc8267
     00001612  A$lcc8267 |    00001615  A$lcc8267 |    00001617  A$lcc8267
     0000161A  A$lcc8267 |    0000161C  A$lcc8267 |    0000161F  A$lcc8267
     00001621  A$lcc8267 |    00001624  A$lcc8267 |    00001626  A$lcc8267
     00001629  A$lcc8267 |    0000162B  A$lcc8267 |    0000162E  A$lcc8267
     00001630  A$lcc8267 |    00001633  A$lcc8267 |    00001635  A$lcc8267
     00001638  A$lcc8267 |    0000163A  A$lcc8267 |    0000163D  A$lcc8267
     0000163F  A$lcc8267 |    00001642  A$lcc8267 |    00001644  A$lcc8267
     00001647  A$lcc8267 |    00001649  A$lcc8267 |    0000164C  A$lcc8267
     0000164E  A$lcc8267 |    00001651  A$lcc8267 |    00001653  A$lcc8267
     00001656  A$lcc8267 |    00001658  A$lcc8267 |    0000165B  A$lcc8267
     0000165D  A$lcc8267 |    00001660  A$lcc8267 |    00001662  A$lcc8267
     00001665  A$lcc8267 |    00001667  A$lcc8267 |    0000166A  A$lcc8267
     0000166C  A$lcc8267 |    0000166F  A$lcc8267 |    00001671  A$lcc8267
ASxxxx Linker V03.00 + NoICE + sdld,  page 35.
Hexadecimal  [32-Bits]

Area                       Addr        Size        Decimal Bytes (Attributes)
--------------------       ----        ----        ------- ----- ------------
_GSINIT                0000079B    0000168D =        5773. bytes (REL,CON)

        Value  Global            Value  Global            Value  Global    
        -----  ------            -----  ------            -----  ------    
     00001674  A$lcc8267 |    00001676  A$lcc8267 |    00001679  A$lcc8267
     0000167B  A$lcc8267 |    0000167E  A$lcc8267 |    00001680  A$lcc8267
     00001683  A$lcc8267 |    00001685  A$lcc8267 |    00001688  A$lcc8267
     0000168A  A$lcc8267 |    0000168D  A$lcc8267 |    0000168F  A$lcc8267
     00001692  A$lcc8267 |    00001694  A$lcc8267 |    00001697  A$lcc8267
     00001699  A$lcc8267 |    0000169C  A$lcc8267 |    0000169E  A$lcc8267
     000016A1  A$lcc8267 |    000016A3  A$lcc8267 |    000016A6  A$lcc8267
     000016A8  A$lcc8267 |    000016AB  A$lcc8267 |    000016AD  A$lcc8267
     000016B0  A$lcc8267 |    000016B2  A$lcc8267 |    000016B5  A$lcc8267
     000016B7  A$lcc8267 |    000016BA  A$lcc8267 |    000016BC  A$lcc8267
     000016BF  A$lcc8267 |    000016C1  A$lcc8267 |    000016C4  A$lcc8267
     000016C6  A$lcc8267 |    000016C9  A$lcc8267 |    000016CB  A$lcc8267
     000016CE  A$lcc8267 |    000016D0  A$lcc8267 |    000016D3  A$lcc8267
     000016D5  A$lcc8267 |    000016D8  A$lcc8267 |    000016DA  A$lcc8267
     000016DD  A$lcc8267 |    000016DF  A$lcc8267 |    000016E2  A$lcc8267
     000016E4  A$lcc8267 |    000016E7  A$lcc8267 |    000016E9  A$lcc8267
     000016EC  A$lcc8267 |    000016EE  A$lcc8267 |    000016F1  A$lcc8267
     000016F3  A$lcc8267 |    000016F6  A$lcc8267 |    000016F8  A$lcc8267
     000016FB  A$lcc8267 |    000016FD  A$lcc8267 |    00001700  A$lcc8267
     00001702  A$lcc8267 |    00001705  A$lcc8267 |    00001707  A$lcc8267
     0000170A  A$lcc8267 |    0000170C  A$lcc8267 |    0000170F  A$lcc8267
     00001711  A$lcc8267 |    00001714  A$lcc8267 |    00001716  A$lcc8267
     00001719  A$lcc8267 |    0000171B  A$lcc8267 |    0000171E  A$lcc8267
     00001720  A$lcc8267 |    00001723  A$lcc8267 |    00001725  A$lcc8267
     00001728  A$lcc8267 |    0000172A  A$lcc8267 |    0000172D  A$lcc8267
     0000172F  A$lcc8267 |    00001732  A$lcc8267 |    00001734  A$lcc8267
     00001737  A$lcc8267 |    00001739  A$lcc8267 |    0000173C  A$lcc8267
     0000173E  A$lcc8267 |    00001741  A$lcc8267 |    00001743  A$lcc8267
     00001746  A$lcc8267 |    00001748  A$lcc8267 |    0000174B  A$lcc8267
     0000174D  A$lcc8267 |    00001750  A$lcc8267 |    00001752  A$lcc8267
     00001755  A$lcc8267 |    00001757  A$lcc8267 |    0000175A  A$lcc8267
     0000175C  A$lcc8267 |    0000175F  A$lcc8267 |    00001761  A$lcc8267
     00001764  A$lcc8267 |    00001766  A$lcc8267 |    00001769  A$lcc8267
     0000176B  A$lcc8267 |    0000176E  A$lcc8267 |    00001770  A$lcc8267
     00001773  A$lcc8267 |    00001775  A$lcc8267 |    00001778  A$lcc8267
     0000177A  A$lcc8267 |    0000177D  A$lcc8267 |    0000177F  A$lcc8267
     00001782  A$lcc8267 |    00001784  A$lcc8267 |    00001787  A$lcc8267
     00001789  A$lcc8267 |    0000178C  A$lcc8267 |    0000178E  A$lcc8267
     00001791  A$lcc8267 |    00001793  A$lcc8267 |    00001796  A$lcc8267
     00001798  A$lcc8267 |    0000179B  A$lcc8267 |    0000179D  A$lcc8267
     000017A0  A$lcc8267 |    000017A2  A$lcc8267 |    000017A5  A$lcc8267
     000017A7  A$lcc8267 |    000017AA  A$lcc8267 |    000017AC  A$lcc8267
     000017AF  A$lcc8267 |    000017B1  A$lcc8267 |    000017B4  A$lcc8267
     000017B6  A$lcc8267 |    000017B9  A$lcc8267 |    000017BB  A$lcc8267
     000017BE  A$lcc8267 |    000017C0  A$lcc8267 |    000017C3  A$lcc8267
     000017C5  A$lcc8267 |    000017C8  A$lcc8267 |    000017CA  A$lcc8267
     000017CD  A$lcc8267 |    000017CF  A$lcc8267 |    000017D2  A$lcc8267
     000017D4  A$lcc8267 |    000017D7  A$lcc8267 |    000017D9  A$lcc8267
     000017DC  A$lcc8267 |    000017DE  A$lcc8267 |    000017E1  A$lcc8267
     000017E3  A$lcc8267 |    000017E6  A$lcc8267 |    000017E8  A$lcc8267
     000017EB  A$lcc8267 |    000017ED  A$lcc8267 |    000017F0  A$lcc8267
ASxxxx Linker V03.00 + NoICE + sdld,  page 36.
Hexadecimal  [32-Bits]

Area                       Addr        Size        Decimal Bytes (Attributes)
--------------------       ----        ----        ------- ----- ------------
_GSINIT                0000079B    0000168D =        5773. bytes (REL,CON)

        Value  Global            Value  Global            Value  Global    
        -----  ------            -----  ------            -----  ------    
     000017F2  A$lcc8267 |    000017F5  A$lcc8267 |    000017F7  A$lcc8267
     000017FA  A$lcc8267 |    000017FC  A$lcc8267 |    000017FF  A$lcc8267
     00001801  A$lcc8267 |    00001804  A$lcc8267 |    00001806  A$lcc8267
     00001809  A$lcc8267 |    0000180B  A$lcc8267 |    0000180E  A$lcc8267
     00001810  A$lcc8267 |    00001813  A$lcc8267 |    00001815  A$lcc8267
     00001818  A$lcc8267 |    0000181A  A$lcc8267 |    0000181D  A$lcc8267
     0000181F  A$lcc8267 |    00001822  A$lcc8267 |    00001824  A$lcc8267
     00001827  A$lcc8267 |    00001829  A$lcc8267 |    0000182C  A$lcc8267
     0000182E  A$lcc8267 |    00001831  A$lcc8267 |    00001833  A$lcc8267
     00001836  A$lcc8267 |    00001838  A$lcc8267 |    0000183B  A$lcc8267
     0000183D  A$lcc8267 |    00001840  A$lcc8267 |    00001842  A$lcc8267
     00001845  A$lcc8267 |    00001847  A$lcc8267 |    0000184A  A$lcc8267
     0000184C  A$lcc8267 |    0000184F  A$lcc8267 |    00001851  A$lcc8267
     00001854  A$lcc8267 |    00001856  A$lcc8267 |    00001859  A$lcc8267
     0000185B  A$lcc8267 |    0000185E  A$lcc8267 |    00001860  A$lcc8267
     00001863  A$lcc8267 |    00001865  A$lcc8267 |    00001868  A$lcc8267
     0000186A  A$lcc8267 |    0000186D  A$lcc8267 |    0000186F  A$lcc8267
     00001872  A$lcc8267 |    00001874  A$lcc8267 |    00001877  A$lcc8267
     00001879  A$lcc8267 |    0000187C  A$lcc8267 |    0000187E  A$lcc8267
     00001881  A$lcc8267 |    00001883  A$lcc8267 |    00001886  A$lcc8267
     00001888  A$lcc8267 |    0000188B  A$lcc8267 |    0000188D  A$lcc8267
     00001890  A$lcc8267 |    00001892  A$lcc8267 |    00001895  A$lcc8267
     00001897  A$lcc8267 |    0000189A  A$lcc8267 |    0000189C  A$lcc8267
     0000189F  A$lcc8267 |    000018A1  A$lcc8267 |    000018A4  A$lcc8267
     000018A6  A$lcc8267 |    000018A9  A$lcc8267 |    000018AB  A$lcc8267
     000018AE  A$lcc8267 |    000018B0  A$lcc8267 |    000018B3  A$lcc8267
     000018B5  A$lcc8267 |    000018B8  A$lcc8267 |    000018BA  A$lcc8267
     000018BD  A$lcc8267 |    000018BF  A$lcc8267 |    000018C2  A$lcc8267
     000018C4  A$lcc8267 |    000018C7  A$lcc8267 |    000018C9  A$lcc8267
     000018CC  A$lcc8267 |    000018CE  A$lcc8267 |    000018D1  A$lcc8267
     000018D3  A$lcc8267 |    000018D6  A$lcc8267 |    000018D8  A$lcc8267
     000018DB  A$lcc8267 |    000018DD  A$lcc8267 |    000018E0  A$lcc8267
     000018E2  A$lcc8267 |    000018E5  A$lcc8267 |    000018E7  A$lcc8267
     000018EA  A$lcc8267 |    000018EC  A$lcc8267 |    000018EF  A$lcc8267
     000018F1  A$lcc8267 |    000018F4  A$lcc8267 |    000018F6  A$lcc8267
     000018F9  A$lcc8267 |    000018FB  A$lcc8267 |    000018FE  A$lcc8267
     00001900  A$lcc8267 |    00001903  A$lcc8267 |    00001905  A$lcc8267
     00001908  A$lcc8267 |    0000190A  A$lcc8267 |    0000190D  A$lcc8267
     0000190F  A$lcc8267 |    00001912  A$lcc8267 |    00001914  A$lcc8267
     00001917  A$lcc8267 |    00001919  A$lcc8267 |    0000191C  A$lcc8267
     0000191E  A$lcc8267 |    00001921  A$lcc8267 |    00001923  A$lcc8267
     00001926  A$lcc8267 |    00001928  A$lcc8267 |    0000192B  A$lcc8267
     0000192D  A$lcc8267 |    00001930  A$lcc8267 |    00001932  A$lcc8267
     00001935  A$lcc8267 |    00001937  A$lcc8267 |    0000193A  A$lcc8267
     0000193C  A$lcc8267 |    0000193F  A$lcc8267 |    00001941  A$lcc8267
     00001944  A$lcc8267 |    00001946  A$lcc8267 |    00001949  A$lcc8267
     0000194B  A$lcc8267 |    0000194E  A$lcc8267 |    00001950  A$lcc8267
     00001953  A$lcc8267 |    00001955  A$lcc8267 |    00001958  A$lcc8267
     0000195A  A$lcc8267 |    0000195D  A$lcc8267 |    0000195F  A$lcc8267
     00001962  A$lcc8267 |    00001964  A$lcc8267 |    00001967  A$lcc8267
     00001969  A$lcc8267 |    0000196C  A$lcc8267 |    0000196E  A$lcc8267
ASxxxx Linker V03.00 + NoICE + sdld,  page 37.
Hexadecimal  [32-Bits]

Area                       Addr        Size        Decimal Bytes (Attributes)
--------------------       ----        ----        ------- ----- ------------
_GSINIT                0000079B    0000168D =        5773. bytes (REL,CON)

        Value  Global            Value  Global            Value  Global    
        -----  ------            -----  ------            -----  ------    
     00001971  A$lcc8267 |    00001973  A$lcc8267 |    00001976  A$lcc8267
     00001978  A$lcc8267 |    0000197B  A$lcc8267 |    0000197D  A$lcc8267
     00001980  A$lcc8267 |    00001982  A$lcc8267 |    00001985  A$lcc8267
     00001987  A$lcc8267 |    0000198A  A$lcc8267 |    0000198C  A$lcc8267
     0000198F  A$lcc8267 |    00001991  A$lcc8267 |    00001994  A$lcc8267
     00001996  A$lcc8267 |    00001999  A$lcc8267 |    0000199B  A$lcc8267
     0000199E  A$lcc8267 |    000019A0  A$lcc8267 |    000019A3  A$lcc8267
     000019A5  A$lcc8267 |    000019A8  A$lcc8267 |    000019AA  A$lcc8267
     000019AD  A$lcc8267 |    000019AF  A$lcc8267 |    000019B2  A$lcc8267
     000019B4  A$lcc8267 |    000019B7  A$lcc8267 |    000019B9  A$lcc8267
     000019BC  A$lcc8267 |    000019BE  A$lcc8267 |    000019C1  A$lcc8267
     000019C3  A$lcc8267 |    000019C6  A$lcc8267 |    000019C8  A$lcc8267
     000019CB  A$lcc8267 |    000019CD  A$lcc8267 |    000019D0  A$lcc8267
     000019D2  A$lcc8267 |    000019D5  A$lcc8267 |    000019D7  A$lcc8267
     000019DA  A$lcc8267 |    000019DC  A$lcc8267 |    000019DF  A$lcc8267
     000019E1  A$lcc8267 |    000019E4  A$lcc8267 |    000019E6  A$lcc8267
     000019E9  A$lcc8267 |    000019EB  A$lcc8267 |    000019EE  A$lcc8267
     000019F0  A$lcc8267 |    000019F3  A$lcc8267 |    000019F5  A$lcc8267
     000019F8  A$lcc8267 |    000019FA  A$lcc8267 |    000019FD  A$lcc8267
     000019FF  A$lcc8267 |    00001A02  A$lcc8267 |    00001A04  A$lcc8267
[...]
        -----  ------            -----  ------            -----  ------    
     0000FF18  _NR23_REG
ASxxxx Linker V03.00 + NoICE + sdld,  page 61.
Hexadecimal  [32-Bits]

Area                       Addr        Size        Decimal Bytes (Attributes)
--------------------       ----        ----        ------- ----- ------------
_SFR10                 00000000    00000001 =           1. bytes (ABS,CON)

        Value  Global            Value  Global            Value  Global    
        -----  ------            -----  ------            -----  ------    
     0000FF19  _NR24_REG
ASxxxx Linker V03.00 + NoICE + sdld,  page 62.
Hexadecimal  [32-Bits]

Area                       Addr        Size        Decimal Bytes (Attributes)
--------------------       ----        ----        ------- ----- ------------
_SFR11                 00000000    00000001 =           1. bytes (ABS,CON)

        Value  Global            Value  Global            Value  Global    
        -----  ------            -----  ------            -----  ------    
     0000FF1A  _NR30_REG
ASxxxx Linker V03.00 + NoICE + sdld,  page 63.
Hexadecimal  [32-Bits]

Area                       Addr        Size        Decimal Bytes (Attributes)
--------------------       ----        ----        ------- ----- ------------
_SFR12                 00000000    00000001 =           1. bytes (ABS,CON)

        Value  Global            Value  Global            Value  Global    
        -----  ------            -----  ------            -----  ------    
     0000FF1B  _NR31_REG
ASxxxx Linker V03.00 + NoICE + sdld,  page 64.
Hexadecimal  [32-Bits]

Area                       Addr        Size        Decimal Bytes (Attributes)
--------------------       ----        ----        ------- ----- ------------
_SFR13                 00000000    00000001 =           1. bytes (ABS,CON)

        Value  Global            Value  Global            Value  Global    
        -----  ------            -----  ------            -----  ------    
     0000FF1C  _NR32_REG
ASxxxx Linker V03.00 + NoICE + sdld,  page 65.
Hexadecimal  [32-Bits]

Area                       Addr        Size        Decimal Bytes (Attributes)
--------------------       ----        ----        ------- ----- ------------
_SFR14                 00000000    00000001 =           1. bytes (ABS,CON)

        Value  Global            Value  Global            Value  Global    
        -----  ------            -----  ------            -----  ------    
     0000FF1D  _NR33_REG
ASxxxx Linker V03.00 + NoICE + sdld,  page 66.
Hexadecimal  [32-Bits]

Area                       Addr        Size        Decimal Bytes (Attributes)
--------------------       ----        ----        ------- ----- ------------
_SFR15                 00000000    00000001 =           1. bytes (ABS,CON)

        Value  Global            Value  Global            Value  Global    
        -----  ------            -----  ------            -----  ------    
     0000FF1E  _NR34_REG
ASxxxx Linker V03.00 + NoICE + sdld,  page 67.
Hexadecimal  [32-Bits]

Area                       Addr        Size        Decimal Bytes (Attributes)
--------------------       ----        ----        ------- ----- ------------
_SFR16                 00000000    00000001 =           1. bytes (ABS,CON)

        Value  Global            Value  Global            Value  Global    
        -----  ------            -----  ------            -----  ------    
     0000FF20  _NR41_REG
ASxxxx Linker V03.00 + NoICE + sdld,  page 68.
Hexadecimal  [32-Bits]

Area                       Addr        Size        Decimal Bytes (Attributes)
--------------------       ----        ----        ------- ----- ------------
_SFR17                 00000000    00000001 =           1. bytes (ABS,CON)

        Value  Global            Value  Global            Value  Global    
        -----  ------            -----  ------            -----  ------    
     0000FF21  _NR42_REG
ASxxxx Linker V03.00 + NoICE + sdld,  page 69.
Hexadecimal  [32-Bits]

Area                       Addr        Size        Decimal Bytes (Attributes)
--------------------       ----        ----        ------- ----- ------------
_SFR18                 00000000    00000001 =           1. bytes (ABS,CON)

        Value  Global            Value  Global            Value  Global    
        -----  ------            -----  ------            -----  ------    
     0000FF22  _NR43_REG
ASxxxx Linker V03.00 + NoICE + sdld,  page 70.
Hexadecimal  [32-Bits]

Area                       Addr        Size        Decimal Bytes (Attributes)
--------------------       ----        ----        ------- ----- ------------
_SFR19                 00000000    00000001 =           1. bytes (ABS,CON)

        Value  Global            Value  Global            Value  Global    
        -----  ------            -----  ------            -----  ------    
     0000FF23  _NR44_REG
ASxxxx Linker V03.00 + NoICE + sdld,  page 71.
Hexadecimal  [32-Bits]

Area                       Addr        Size        Decimal Bytes (Attributes)
--------------------       ----        ----        ------- ----- ------------
_SFR1a                 00000000    00000001 =           1. bytes (ABS,CON)

        Value  Global            Value  Global            Value  Global    
        -----  ------            -----  ------            -----  ------    
     0000FF24  _NR50_REG
ASxxxx Linker V03.00 + NoICE + sdld,  page 72.
Hexadecimal  [32-Bits]

Area                       Addr        Size        Decimal Bytes (Attributes)
--------------------       ----        ----        ------- ----- ------------
_SFR1b                 00000000    00000001 =           1. bytes (ABS,CON)

        Value  Global            Value  Global            Value  Global    
        -----  ------            -----  ------            -----  ------    
     0000FF25  _NR51_REG
ASxxxx Linker V03.00 + NoICE + sdld,  page 73.
Hexadecimal  [32-Bits]

Area                       Addr        Size        Decimal Bytes (Attributes)
--------------------       ----        ----        ------- ----- ------------
_SFR1c                 00000000    00000001 =           1. bytes (ABS,CON)

        Value  Global            Value  Global            Value  Global    
        -----  ------            -----  ------            -----  ------    
     0000FF26  _NR52_REG
ASxxxx Linker V03.00 + NoICE + sdld,  page 74.
Hexadecimal  [32-Bits]

Area                       Addr        Size        Decimal Bytes (Attributes)
--------------------       ----        ----        ------- ----- ------------
_SFR1d                 00000000    00000001 =           1. bytes (ABS,CON)

        Value  Global            Value  Global            Value  Global    
        -----  ------            -----  ------            -----  ------    
     0000FF40  _LCDC_REG
ASxxxx Linker V03.00 + NoICE + sdld,  page 75.
Hexadecimal  [32-Bits]

Area                       Addr        Size        Decimal Bytes (Attributes)
--------------------       ----        ----        ------- ----- ------------
_SFR1e                 00000000    00000001 =           1. bytes (ABS,CON)

        Value  Global            Value  Global            Value  Global    
        -----  ------            -----  ------            -----  ------    
     0000FF41  _STAT_REG
ASxxxx Linker V03.00 + NoICE + sdld,  page 76.
Hexadecimal  [32-Bits]

Area                       Addr        Size        Decimal Bytes (Attributes)
--------------------       ----        ----        ------- ----- ------------
_SFR1f                 00000000    00000001 =           1. bytes (ABS,CON)

        Value  Global            Value  Global            Value  Global    
        -----  ------            -----  ------            -----  ------    
     0000FF42  _SCY_REG 
ASxxxx Linker V03.00 + NoICE + sdld,  page 77.
Hexadecimal  [32-Bits]

Area                       Addr        Size        Decimal Bytes (Attributes)
--------------------       ----        ----        ------- ----- ------------
_SFR20                 00000000    00000001 =           1. bytes (ABS,CON)

        Value  Global            Value  Global            Value  Global    
        -----  ------            -----  ------            -----  ------    
     0000FF43  _SCX_REG 
ASxxxx Linker V03.00 + NoICE + sdld,  page 78.
Hexadecimal  [32-Bits]

Area                       Addr        Size        Decimal Bytes (Attributes)
--------------------       ----        ----        ------- ----- ------------
_SFR21                 00000000    00000001 =           1. bytes (ABS,CON)

        Value  Global            Value  Global            Value  Global    
        -----  ------            -----  ------            -----  ------    
     0000FF44  _LY_REG  
ASxxxx Linker V03.00 + NoICE + sdld,  page 79.
Hexadecimal  [32-Bits]

Area                       Addr        Size        Decimal Bytes (Attributes)
--------------------       ----        ----        ------- ----- ------------
_SFR22                 00000000    00000001 =           1. bytes (ABS,CON)

        Value  Global            Value  Global            Value  Global    
        -----  ------            -----  ------            -----  ------    
     0000FF45  _LYC_REG 
ASxxxx Linker V03.00 + NoICE + sdld,  page 80.
Hexadecimal  [32-Bits]

Area                       Addr        Size        Decimal Bytes (Attributes)
--------------------       ----        ----        ------- ----- ------------
_SFR23                 00000000    00000001 =           1. bytes (ABS,CON)

        Value  Global            Value  Global            Value  Global    
        -----  ------            -----  ------            -----  ------    
     0000FF46  _DMA_REG 
ASxxxx Linker V03.00 + NoICE + sdld,  page 81.
Hexadecimal  [32-Bits]

Area                       Addr        Size        Decimal Bytes (Attributes)
--------------------       ----        ----        ------- ----- ------------
_SFR24                 00000000    00000001 =           1. bytes (ABS,CON)

        Value  Global            Value  Global            Value  Global    
        -----  ------            -----  ------            -----  ------    
     0000FF47  _BGP_REG 
ASxxxx Linker V03.00 + NoICE + sdld,  page 82.
Hexadecimal  [32-Bits]

Area                       Addr        Size        Decimal Bytes (Attributes)
--------------------       ----        ----        ------- ----- ------------
_SFR25                 00000000    00000001 =           1. bytes (ABS,CON)

        Value  Global            Value  Global            Value  Global    
        -----  ------            -----  ------            -----  ------    
     0000FF48  _OBP0_REG
ASxxxx Linker V03.00 + NoICE + sdld,  page 83.
Hexadecimal  [32-Bits]

Area                       Addr        Size        Decimal Bytes (Attributes)
--------------------       ----        ----        ------- ----- ------------
_SFR26                 00000000    00000001 =           1. bytes (ABS,CON)

        Value  Global            Value  Global            Value  Global    
        -----  ------            -----  ------            -----  ------    
     0000FF49  _OBP1_REG
ASxxxx Linker V03.00 + NoICE + sdld,  page 84.
Hexadecimal  [32-Bits]

Area                       Addr        Size        Decimal Bytes (Attributes)
--------------------       ----        ----        ------- ----- ------------
_SFR27                 00000000    00000001 =           1. bytes (ABS,CON)

        Value  Global            Value  Global            Value  Global    
        -----  ------            -----  ------            -----  ------    
     0000FF4A  _WY_REG  
ASxxxx Linker V03.00 + NoICE + sdld,  page 85.
Hexadecimal  [32-Bits]

Area                       Addr        Size        Decimal Bytes (Attributes)
--------------------       ----        ----        ------- ----- ------------
_SFR28                 00000000    00000001 =           1. bytes (ABS,CON)

        Value  Global            Value  Global            Value  Global    
        -----  ------            -----  ------            -----  ------    
     0000FF4B  _WX_REG  
ASxxxx Linker V03.00 + NoICE + sdld,  page 86.
Hexadecimal  [32-Bits]

Area                       Addr        Size        Decimal Bytes (Attributes)
--------------------       ----        ----        ------- ----- ------------
_SFR29                 00000000    00000001 =           1. bytes (ABS,CON)

        Value  Global            Value  Global            Value  Global    
        -----  ------            -----  ------            -----  ------    
     0000FF4D  _KEY1_REG
ASxxxx Linker V03.00 + NoICE + sdld,  page 87.
Hexadecimal  [32-Bits]

Area                       Addr        Size        Decimal Bytes (Attributes)
--------------------       ----        ----        ------- ----- ------------
_SFR2a                 00000000    00000001 =           1. bytes (ABS,CON)

        Value  Global            Value  Global            Value  Global    
        -----  ------            -----  ------            -----  ------    
     0000FF4F  _VBK_REG 
ASxxxx Linker V03.00 + NoICE + sdld,  page 88.
Hexadecimal  [32-Bits]

Area                       Addr        Size        Decimal Bytes (Attributes)
--------------------       ----        ----        ------- ----- ------------
_SFR2b                 00000000    00000001 =           1. bytes (ABS,CON)

        Value  Global            Value  Global            Value  Global    
        -----  ------            -----  ------            -----  ------    
     0000FF51  _HDMA1_RE
ASxxxx Linker V03.00 + NoICE + sdld,  page 89.
Hexadecimal  [32-Bits]

Area                       Addr        Size        Decimal Bytes (Attributes)
--------------------       ----        ----        ------- ----- ------------
_SFR2c                 00000000    00000001 =           1. bytes (ABS,CON)

        Value  Global            Value  Global            Value  Global    
        -----  ------            -----  ------            -----  ------    
     0000FF52  _HDMA2_RE
ASxxxx Linker V03.00 + NoICE + sdld,  page 90.
Hexadecimal  [32-Bits]

Area                       Addr        Size        Decimal Bytes (Attributes)
--------------------       ----        ----        ------- ----- ------------
_SFR2d                 00000000    00000001 =           1. bytes (ABS,CON)

        Value  Global            Value  Global            Value  Global    
        -----  ------            -----  ------            -----  ------    
     0000FF53  _HDMA3_RE
ASxxxx Linker V03.00 + NoICE + sdld,  page 91.
Hexadecimal  [32-Bits]

Area                       Addr        Size        Decimal Bytes (Attributes)
--------------------       ----        ----        ------- ----- ------------
_SFR2e                 00000000    00000001 =           1. bytes (ABS,CON)

        Value  Global            Value  Global            Value  Global    
        -----  ------            -----  ------            -----  ------    
     0000FF54  _HDMA4_RE
ASxxxx Linker V03.00 + NoICE + sdld,  page 92.
Hexadecimal  [32-Bits]

Area                       Addr        Size        Decimal Bytes (Attributes)
--------------------       ----        ----        ------- ----- ------------
_SFR2f                 00000000    00000001 =           1. bytes (ABS,CON)

        Value  Global            Value  Global            Value  Global    
        -----  ------            -----  ------            -----  ------    
     0000FF55  _HDMA5_RE
ASxxxx Linker V03.00 + NoICE + sdld,  page 93.
Hexadecimal  [32-Bits]

Area                       Addr        Size        Decimal Bytes (Attributes)
--------------------       ----        ----        ------- ----- ------------
_SFR30                 00000000    00000001 =           1. bytes (ABS,CON)

        Value  Global            Value  Global            Value  Global    
        -----  ------            -----  ------            -----  ------    
     0000FF56  _RP_REG  
ASxxxx Linker V03.00 + NoICE + sdld,  page 94.
Hexadecimal  [32-Bits]

Area                       Addr        Size        Decimal Bytes (Attributes)
--------------------       ----        ----        ------- ----- ------------
_SFR31                 00000000    00000001 =           1. bytes (ABS,CON)

        Value  Global            Value  Global            Value  Global    
        -----  ------            -----  ------            -----  ------    
     0000FF68  _BCPS_REG
ASxxxx Linker V03.00 + NoICE + sdld,  page 95.
Hexadecimal  [32-Bits]

Area                       Addr        Size        Decimal Bytes (Attributes)
--------------------       ----        ----        ------- ----- ------------
_SFR32                 00000000    00000001 =           1. bytes (ABS,CON)

        Value  Global            Value  Global            Value  Global    
        -----  ------            -----  ------            -----  ------    
     0000FF69  _BCPD_REG
ASxxxx Linker V03.00 + NoICE + sdld,  page 96.
Hexadecimal  [32-Bits]

Area                       Addr        Size        Decimal Bytes (Attributes)
--------------------       ----        ----        ------- ----- ------------
_SFR33                 00000000    00000001 =           1. bytes (ABS,CON)

        Value  Global            Value  Global            Value  Global    
        -----  ------            -----  ------            -----  ------    
     0000FF6A  _OCPS_REG
ASxxxx Linker V03.00 + NoICE + sdld,  page 97.
Hexadecimal  [32-Bits]

Area                       Addr        Size        Decimal Bytes (Attributes)
--------------------       ----        ----        ------- ----- ------------
_SFR34                 00000000    00000001 =           1. bytes (ABS,CON)

        Value  Global            Value  Global            Value  Global    
        -----  ------            -----  ------            -----  ------    
     0000FF6B  _OCPD_REG
ASxxxx Linker V03.00 + NoICE + sdld,  page 98.
Hexadecimal  [32-Bits]

Area                       Addr        Size        Decimal Bytes (Attributes)
--------------------       ----        ----        ------- ----- ------------
_SFR35                 00000000    00000001 =           1. bytes (ABS,CON)

        Value  Global            Value  Global            Value  Global    
        -----  ------            -----  ------            -----  ------    
     0000FF70  _SVBK_REG
ASxxxx Linker V03.00 + NoICE + sdld,  page 99.
Hexadecimal  [32-Bits]

Area                       Addr        Size        Decimal Bytes (Attributes)
--------------------       ----        ----        ------- ----- ------------
_SFR36                 00000000    00000001 =           1. bytes (ABS,CON)

        Value  Global            Value  Global            Value  Global    
        -----  ------            -----  ------            -----  ------    
     0000FFFF  _IE_REG  
ASxxxx Linker V03.00 + NoICE + sdld,  page 100.

Files Linked                              [ module(s) ]

/opt/gbdk/lib/small/asxxxx/gb/crt0.o      [ Runtime ]
/var/folders/wd/pwrv94791z70dq8qjb0x717r0000gn/T/lcc826750.o
                                          [ main ]


Libraries Linked                          [ object file ]

/opt/gbdk/lib/small/asxxxx/gb/gb.lib      [ rand.o ]
/opt/gbdk/lib/small/asxxxx/gb/gb.lib      [ sfr.o ]
/opt/gbdk/lib/small/asxxxx/gb/gb.lib      [ cgb.o ]
/opt/gbdk/lib/small/asxxxx/gb/gb.lib      [ set_data.o ]
/opt/gbdk/lib/small/asxxxx/gb/gb.lib      [ pad.o ]
/opt/gbdk/lib/small/asxxxx/gb/gb.lib      [ delay.o ]
/opt/gbdk/lib/small/asxxxx/gbz80/gbz80.lib
                                          [ div.o ]
/opt/gbdk/lib/small/asxxxx/gb/gb.lib      [ set_bk_t.o ]
/opt/gbdk/lib/small/asxxxx/gb/gb.lib      [ set_xy_t.o ]

ASxxxx Linker V03.00 + NoICE + sdld,  page 101.

User Base Address Definitions

_DATA=0xc0a0
_CODE=0x0200
ASxxxx Linker V03.00 + NoICE + sdld,  page 102.

User Global Definitions

_shadow_OAM=0xC000
.STACK=0xE000
.refresh_OAM=0xFF80

